Component: ARM Compiler 5.05 update 1 (build 106) Tool: armlink [4d0efa]

==============================================================================

Section Cross References

    main.o(.text) refers to stm32f4xx_tim.o(.text) for TIM_GetITStatus
    main.o(.text) refers to interuption.o(.text) for upload_data
    main.o(.text) refers to dflt_clz.o(x$fpl$dflt) for __aeabi_i2d
    main.o(.text) refers to dmul.o(x$fpl$dmul) for __aeabi_dmul
    main.o(.text) refers to d2f.o(x$fpl$d2f) for __aeabi_d2f
    main.o(.text) refers to f2d.o(x$fpl$f2d) for __aeabi_f2d
    main.o(.text) refers to sin.o(i.__hardfp_sin) for __hardfp_sin
    main.o(.text) refers to dfix.o(x$fpl$dfix) for __aeabi_d2iz
    main.o(.text) refers to misc.o(.text) for NVIC_PriorityGroupConfig
    main.o(.text) refers to delay.o(.text) for delay_init
    main.o(.text) refers to usart.o(.text) for uart_init
    main.o(.text) refers to mpu6050.o(.text) for MPU_Init
    main.o(.text) refers to servo.o(.text) for Servo_Init
    main.o(.text) refers to led.o(.text) for LED_Init
    main.o(.text) refers to noretval__2printf.o(.text) for __2printf
    main.o(.text) refers to inv_mpu.o(.text) for mpu_dmp_init
    main.o(.text) refers to main.o(.data) for counter
    main.o(.text) refers to main.o(.bss) for Sin
    main.o(.text) refers to usart.o(.data) for USART_RX_STA
    main.o(.text) refers to usart.o(.bss) for USART_RX_BUF
    system_stm32f4xx.o(.text) refers to system_stm32f4xx.o(.data) for SystemCoreClock
    led.o(.text) refers to stm32f4xx_rcc.o(.text) for RCC_AHB1PeriphClockCmd
    led.o(.text) refers to stm32f4xx_gpio.o(.text) for GPIO_Init
    key.o(.text) refers to stm32f4xx_rcc.o(.text) for RCC_AHB1PeriphClockCmd
    key.o(.text) refers to stm32f4xx_gpio.o(.text) for GPIO_Init
    key.o(.text) refers to delay.o(.text) for delay_ms
    key.o(.text) refers to key.o(.data) for key_up
    lcd.o(.text) refers to _printf_percent.o(.ARM.Collect$$_printf_percent$$00000000) for _printf_percent
    lcd.o(.text) refers to _printf_x.o(.ARM.Collect$$_printf_percent$$0000000C) for _printf_x
    lcd.o(.text) refers to _printf_hex_int.o(.text) for _printf_longlong_hex
    lcd.o(.text) refers to delay.o(.text) for delay_us
    lcd.o(.text) refers to lcd.o(.bss) for lcddev
    lcd.o(.text) refers to lcd.o(.data) for POINT_COLOR
    lcd.o(.text) refers to dflt_clz.o(x$fpl$dfltu) for __aeabi_ui2d
    lcd.o(.text) refers to dmul.o(x$fpl$dmul) for __aeabi_dmul
    lcd.o(.text) refers to dfixu.o(x$fpl$dfixu) for __aeabi_d2uiz
    lcd.o(.text) refers to stm32f4xx_rcc.o(.text) for RCC_AHB1PeriphClockCmd
    lcd.o(.text) refers to stm32f4xx_gpio.o(.text) for GPIO_Init
    lcd.o(.text) refers to stm32f4xx_fsmc.o(.text) for FSMC_NORSRAMInit
    lcd.o(.text) refers to noretval__2printf.o(.text) for __2printf
    lcd.o(.text) refers to lcd.o(.constdata) for asc2_1206
    myiic.o(.text) refers to stm32f4xx_rcc.o(.text) for RCC_AHB1PeriphClockCmd
    myiic.o(.text) refers to stm32f4xx_gpio.o(.text) for GPIO_Init
    myiic.o(.text) refers to delay.o(.text) for delay_us
    mpu6050.o(.text) refers to myiic.o(.text) for IIC_Start
    mpu6050.o(.text) refers to delay.o(.text) for delay_ms
    mpu6050.o(.text) refers to dflt_clz.o(x$fpl$dflt) for __aeabi_i2d
    mpu6050.o(.text) refers to ddiv.o(x$fpl$ddiv) for __aeabi_ddiv
    mpu6050.o(.text) refers to daddsub_clz.o(x$fpl$dadd) for __aeabi_dadd
    mpu6050.o(.text) refers to d2f.o(x$fpl$d2f) for __aeabi_d2f
    inv_mpu.o(.text) refers to mpu6050.o(.text) for MPU_Write_Len
    inv_mpu.o(.text) refers to delay.o(.text) for delay_ms
    inv_mpu.o(.text) refers to inv_mpu.o(.data) for st
    inv_mpu.o(.text) refers to inv_mpu.o(.constdata) for test
    inv_mpu.o(.text) refers to llsdiv.o(.text) for __aeabi_ldivmod
    inv_mpu.o(.text) refers to inv_mpu_dmp_motion_driver.o(.text) for dmp_set_gyro_bias
    inv_mpu.o(.text) refers to noretval__2printf.o(.text) for __2printf
    inv_mpu.o(.text) refers to inv_mpu.o(.conststring) for .conststring
    inv_mpu.o(.text) refers to memcmp.o(.text) for memcmp
    inv_mpu.o(.text) refers to myiic.o(.text) for IIC_Init
    inv_mpu.o(.text) refers to f2d.o(x$fpl$f2d) for __aeabi_f2d
    inv_mpu.o(.text) refers to asin.o(i.__hardfp_asin) for __hardfp_asin
    inv_mpu.o(.text) refers to dmul.o(x$fpl$dmul) for __aeabi_dmul
    inv_mpu.o(.text) refers to dfix.o(x$fpl$dfix) for __aeabi_d2iz
    inv_mpu.o(.text) refers to atan2.o(i.__hardfp_atan2) for __hardfp_atan2
    inv_mpu.o(.data) refers to inv_mpu.o(.constdata) for reg
    inv_mpu_dmp_motion_driver.o(.text) refers to inv_mpu.o(.text) for mpu_load_firmware
    inv_mpu_dmp_motion_driver.o(.text) refers to inv_mpu_dmp_motion_driver.o(.constdata) for dmp_memory
    inv_mpu_dmp_motion_driver.o(.text) refers to inv_mpu_dmp_motion_driver.o(.bss) for dmp
    inv_mpu_dmp_motion_driver.o(.text) refers to aeabi_memset.o(.text) for __aeabi_memset
    servo.o(.text) refers to stm32f4xx_rcc.o(.text) for RCC_APB1PeriphClockCmd
[...]
    .text                                    0x080043f4   Section        0  misc.o(.text)
    .text                                    0x080044d4   Section        0  stm32f4xx_gpio.o(.text)
    .text                                    0x08004768   Section        0  stm32f4xx_rcc.o(.text)
    .text                                    0x08004dc4   Section        0  stm32f4xx_usart.o(.text)
    .text                                    0x08005218   Section        0  stm32f4xx_tim.o(.text)
    TI4_Config                               0x080059b7   Thumb Code    80  stm32f4xx_tim.o(.text)
    TI3_Config                               0x08005a19   Thumb Code    72  stm32f4xx_tim.o(.text)
    TI2_Config                               0x08005a7b   Thumb Code    90  stm32f4xx_tim.o(.text)
    TI1_Config                               0x08005ae7   Thumb Code    58  stm32f4xx_tim.o(.text)
    .text                                    0x08005eba   Section        2  use_no_semi_2.o(.text)
    .text                                    0x08005ebc   Section       72  llsdiv.o(.text)
    .text                                    0x08005f04   Section        0  noretval__2printf.o(.text)
    .text                                    0x08005f1c   Section        0  __printf.o(.text)
    .text                                    0x08005f84   Section        0  memcmp.o(.text)
    .text                                    0x08005fdc   Section       16  aeabi_memset.o(.text)
    .text                                    0x08005fec   Section        0  heapauxi.o(.text)
    .text                                    0x08005ff2   Section        2  use_no_semi.o(.text)
    .text                                    0x08005ff4   Section      238  lludivv7m.o(.text)
    .text                                    0x080060e2   Section        0  _rserrno.o(.text)
    .text                                    0x080060f8   Section        0  _printf_char_file.o(.text)
    .text                                    0x0800611c   Section       68  rt_memclr.o(.text)
    .text                                    0x08006160   Section        8  rt_errno_addr_intlibspace.o(.text)
    .text                                    0x08006168   Section        0  _printf_char_common.o(.text)
    _printf_input_char                       0x08006169   Thumb Code    10  _printf_char_common.o(.text)
    .text                                    0x08006198   Section        0  ferror.o(.text)
    .text                                    0x080061a0   Section       78  rt_memclr_w.o(.text)
    .text                                    0x080061f0   Section        8  libspace.o(.text)
    .text                                    0x080061f8   Section       74  sys_stackheap_outer.o(.text)
    .text                                    0x08006242   Section        0  exit.o(.text)
    i.__ARM_fpclassify                       0x0800624e   Section        0  fpclassify.o(i.__ARM_fpclassify)
    i.__hardfp_asin                          0x08006280   Section        0  asin.o(i.__hardfp_asin)
    i.__hardfp_atan                          0x080065e0   Section        0  atan.o(i.__hardfp_atan)
    i.__hardfp_atan2                         0x080068b8   Section        0  atan2.o(i.__hardfp_atan2)
    i.__hardfp_sin                           0x08006aa8   Section        0  sin.o(i.__hardfp_sin)
    i.__ieee754_rem_pio2                     0x08006b70   Section        0  rred.o(i.__ieee754_rem_pio2)
    i.__kernel_cos                           0x08006fa8   Section        0  cos_i.o(i.__kernel_cos)
    i.__kernel_poly                          0x08007118   Section        0  poly.o(i.__kernel_poly)
    i.__kernel_sin                           0x08007210   Section        0  sin_i.o(i.__kernel_sin)
    i.__mathlib_dbl_infnan                   0x08007340   Section        0  dunder.o(i.__mathlib_dbl_infnan)
    i.__mathlib_dbl_infnan2                  0x08007354   Section        0  dunder.o(i.__mathlib_dbl_infnan2)
    i.__mathlib_dbl_invalid                  0x08007368   Section        0  dunder.o(i.__mathlib_dbl_invalid)
    i.__mathlib_dbl_underflow                0x08007388   Section        0  dunder.o(i.__mathlib_dbl_underflow)
    i.atan                                   0x080073a8   Section        0  atan.o(i.atan)
    i.fabs                                   0x080073b8   Section        0  fabs.o(i.fabs)
    i.sqrt                                   0x080073d0   Section        0  sqrt.o(i.sqrt)
    x$fpl$basic                              0x0800743e   Section       24  basic.o(x$fpl$basic)
    $v0                                      0x0800743e   Number         0  basic.o(x$fpl$basic)
    x$fpl$d2f                                0x08007458   Section       98  d2f.o(x$fpl$d2f)
    $v0                                      0x08007458   Number         0  d2f.o(x$fpl$d2f)
    x$fpl$dadd                               0x080074bc   Section      336  daddsub_clz.o(x$fpl$dadd)
    $v0                                      0x080074bc   Number         0  daddsub_clz.o(x$fpl$dadd)
    _dadd1                                   0x080074cd   Thumb Code     0  daddsub_clz.o(x$fpl$dadd)
    x$fpl$ddiv                               0x0800760c   Section      688  ddiv.o(x$fpl$ddiv)
    $v0                                      0x0800760c   Number         0  ddiv.o(x$fpl$ddiv)
    ddiv_entry                               0x08007613   Thumb Code     0  ddiv.o(x$fpl$ddiv)
    x$fpl$dfix                               0x080078bc   Section       94  dfix.o(x$fpl$dfix)
    $v0                                      0x080078bc   Number         0  dfix.o(x$fpl$dfix)
    x$fpl$dflt                               0x0800791a   Section       46  dflt_clz.o(x$fpl$dflt)
    $v0                                      0x0800791a   Number         0  dflt_clz.o(x$fpl$dflt)
    x$fpl$dfltu                              0x08007948   Section       38  dflt_clz.o(x$fpl$dfltu)
    $v0                                      0x08007948   Number         0  dflt_clz.o(x$fpl$dfltu)
    x$fpl$dmul                               0x08007970   Section      340  dmul.o(x$fpl$dmul)
    $v0                                      0x08007970   Number         0  dmul.o(x$fpl$dmul)
    x$fpl$dnaninf                            0x08007ac4   Section      156  dnaninf.o(x$fpl$dnaninf)
    $v0                                      0x08007ac4   Number         0  dnaninf.o(x$fpl$dnaninf)
    x$fpl$dretinf                            0x08007b60   Section       12  dretinf.o(x$fpl$dretinf)
    $v0                                      0x08007b60   Number         0  dretinf.o(x$fpl$dretinf)
    x$fpl$drsb                               0x08007b6c   Section       22  daddsub_clz.o(x$fpl$drsb)
    $v0                                      0x08007b6c   Number         0  daddsub_clz.o(x$fpl$drsb)
    x$fpl$dsqrt                              0x08007b84   Section      408  dsqrt_umaal.o(x$fpl$dsqrt)
    $v0                                      0x08007b84   Number         0  dsqrt_umaal.o(x$fpl$dsqrt)
    x$fpl$dsub                               0x08007d1c   Section      468  daddsub_clz.o(x$fpl$dsub)
    $v0                                      0x08007d1c   Number         0  daddsub_clz.o(x$fpl$dsub)
    _dsub1                                   0x08007d2d   Thumb Code     0  daddsub_clz.o(x$fpl$dsub)
    x$fpl$f2d                                0x08007ef0   Section       86  f2d.o(x$fpl$f2d)
    $v0                                      0x08007ef0   Number         0  f2d.o(x$fpl$f2d)
    x$fpl$fnaninf                            0x08007f46   Section      140  fnaninf.o(x$fpl$fnaninf)
    $v0                                      0x08007f46   Number         0  fnaninf.o(x$fpl$fnaninf)
    x$fpl$fpinit                             0x08007fd2   Section       10  fpinit.o(x$fpl$fpinit)
    $v0                                      0x08007fd2   Number         0  fpinit.o(x$fpl$fpinit)
    x$fpl$fretinf                            0x08007fdc   Section       10  fretinf.o(x$fpl$fretinf)
    $v0                                      0x08007fdc   Number         0  fretinf.o(x$fpl$fretinf)
    x$fpl$usenofp                            0x08007fe6   Section        0  usenofp.o(x$fpl$usenofp)
    .constdata                               0x08007fe8   Section       80  inv_mpu.o(.constdata)
    .constdata                               0x08008038   Section     3062  inv_mpu_dmp_motion_driver.o(.constdata)
    dmp_memory                               0x08008038   Data        3062  inv_mpu_dmp_motion_driver.o(.constdata)
    .constdata                               0x08008c30   Section       80  asin.o(.constdata)
    pS                                       0x08008c30   Data          48  asin.o(.constdata)
    qS                                       0x08008c60   Data          32  asin.o(.constdata)
    .constdata                               0x08008c80   Section      152  atan.o(.constdata)
    atanhi                                   0x08008c80   Data          32  atan.o(.constdata)
    atanlo                                   0x08008ca0   Data          32  atan.o(.constdata)
    aTodd                                    0x08008cc0   Data          40  atan.o(.constdata)
    aTeven                                   0x08008ce8   Data          48  atan.o(.constdata)
    .constdata                               0x08008d18   Section       48  cos_i.o(.constdata)
    C                                        0x08008d18   Data          48  cos_i.o(.constdata)
    .constdata                               0x08008d48   Section        8  qnan.o(.constdata)
    .constdata                               0x08008d50   Section      200  rred.o(.constdata)
    pio2s                                    0x08008d50   Data          48  rred.o(.constdata)
    twooverpi                                0x08008d80   Data         152  rred.o(.constdata)
    .constdata                               0x08008e18   Section       40  sin_i.o(.constdata)
    S                                        0x08008e18   Data          40  sin_i.o(.constdata)
    .conststring                             0x08008e40   Section       77  inv_mpu.o(.conststring)
    .data                                    0x20000000   Section       24  main.o(.data)
    .data                                    0x20000018   Section       20  system_stm32f4xx.o(.data)
    .data                                    0x2000002c   Section       53  inv_mpu.o(.data)
    st                                       0x2000002c   Data          44  inv_mpu.o(.data)
    gyro_orientation                         0x20000058   Data           9  inv_mpu.o(.data)
    .data                                    0x20000062   Section        4  delay.o(.data)
    fac_us                                   0x20000062   Data           1  delay.o(.data)
    fac_ms                                   0x20000064   Data           2  delay.o(.data)
    .data                                    0x20000068   Section        6  usart.o(.data)
    .data                                    0x2000006e   Section       16  stm32f4xx_rcc.o(.data)
    APBAHBPrescTable                         0x2000006e   Data          16  stm32f4xx_rcc.o(.data)
    .bss                                     0x20000080   Section      200  main.o(.bss)
    .bss                                     0x20000148   Section       16  inv_mpu_dmp_motion_driver.o(.bss)
    dmp                                      0x20000148   Data          16  inv_mpu_dmp_motion_driver.o(.bss)
    .bss                                     0x20000158   Section      200  usart.o(.bss)
    .bss                                     0x20000220   Section       96  libspace.o(.bss)
    HEAP                                     0x20000280   Section      512  startup_stm32f40_41xxx.o(HEAP)
    Heap_Mem                                 0x20000280   Data         512  startup_stm32f40_41xxx.o(HEAP)
    STACK                                    0x20000480   Section     1024  startup_stm32f40_41xxx.o(STACK)
    Stack_Mem                                0x20000480   Data        1024  startup_stm32f40_41xxx.o(STACK)
    __initial_sp                             0x20000880   Data           0  startup_stm32f40_41xxx.o(STACK)

    Global Symbols

    Symbol Name                              Value     Ov Type        Size  Object(Section)

    BuildAttributes$$THM_ISAv4$E$P$D$K$B$S$7EM$VFPi3$EXTD16$VFPS$VFMA$PE$A:L22UL41UL21$X:L11$S22US41US21$IEEE1$IW$USESV6$~STKCKD$USESV7$~SHL$OTIME$ROPI$IEEEX$EBA8$UX$STANDARDLIB$REQ8$PRES8$EABIv2 0x00000000   Number         0  anon$$obj.o ABSOLUTE
    __ARM_use_no_argv                        0x00000000   Number         0  main.o ABSOLUTE
    __ARM_exceptions_init                     - Undefined Weak Reference
    __alloca_initialize                       - Undefined Weak Reference
    __arm_preinit_                            - Undefined Weak Reference
    __cpp_initialize__aeabi_                  - Undefined Weak Reference
    __cxa_finalize                            - Undefined Weak Reference
    __rt_locale                               - Undefined Weak Reference
    __sigvec_lookup                           - Undefined Weak Reference
    _atexit_init                              - Undefined Weak Reference
    _call_atexit_fns                          - Undefined Weak Reference
    _clock_init                               - Undefined Weak Reference
    _fp_trap_init                             - Undefined Weak Reference
    _fp_trap_shutdown                         - Undefined Weak Reference
    _get_lc_collate                           - Undefined Weak Reference
    _get_lc_ctype                             - Undefined Weak Reference
    _get_lc_monetary                          - Undefined Weak Reference
    _get_lc_numeric                           - Undefined Weak Reference
    _get_lc_time                              - Undefined Weak Reference
    _getenv_init                              - Undefined Weak Reference
    _handle_redirection                       - Undefined Weak Reference
    _init_alloc                               - Undefined Weak Reference
    _init_user_alloc                          - Undefined Weak Reference
    _initio                                   - Undefined Weak Reference
    _mutex_acquire                            - Undefined Weak Reference
    _mutex_release                            - Undefined Weak Reference
    _printf_post_padding                      - Undefined Weak Reference
    _printf_pre_padding                       - Undefined Weak Reference
    _printf_truncate_unsigned                 - Undefined Weak Reference
    _rand_init                                - Undefined Weak Reference
    _signal_finish                            - Undefined Weak Reference
    _signal_init                              - Undefined Weak Reference
    _terminate_alloc                          - Undefined Weak Reference
    _terminate_user_alloc                     - Undefined Weak Reference
    _terminateio                              - Undefined Weak Reference
    __Vectors_Size                           0x00000188   Number         0  startup_stm32f40_41xxx.o ABSOLUTE
    __Vectors                                0x08000000   Data           4  startup_stm32f40_41xxx.o(RESET)
    __Vectors_End                            0x08000188   Data           0  startup_stm32f40_41xxx.o(RESET)
    __main                                   0x08000189   Thumb Code     8  __main.o(!!!main)
    __scatterload                            0x08000191   Thumb Code     0  __scatter.o(!!!scatter)
    __scatterload_rt2                        0x08000191   Thumb Code    44  __scatter.o(!!!scatter)
    __scatterload_rt2_thumb_only             0x08000191   Thumb Code     0  __scatter.o(!!!scatter)
    __scatterload_null                       0x0800019f   Thumb Code     0  __scatter.o(!!!scatter)
    __scatterload_copy                       0x080001c5   Thumb Code    26  __scatter_copy.o(!!handler_copy)
    __scatterload_zeroinit                   0x080001e1   Thumb Code    28  __scatter_zi.o(!!handler_zi)
    _printf_percent                          0x080001fd   Thumb Code     0  _printf_percent.o(.ARM.Collect$$_printf_percent$$00000000)
    _printf_percent_end                      0x080001fd   Thumb Code     0  _printf_percent_end.o(.ARM.Collect$$_printf_percent$$00000017)
    __rt_lib_init                            0x08000201   Thumb Code     0  libinit.o(.ARM.Collect$$libinit$$00000000)
    __rt_lib_init_fp_1                       0x08000203   Thumb Code     0  libinit2.o(.ARM.Collect$$libinit$$00000001)
    __rt_lib_init_alloca_1                   0x08000207   Thumb Code     0  libinit2.o(.ARM.Collect$$libinit$$0000002E)
    __rt_lib_init_argv_1                     0x08000207   Thumb Code     0  libinit2.o(.ARM.Collect$$libinit$$0000002C)
    __rt_lib_init_atexit_1                   0x08000207   Thumb Code     0  libinit2.o(.ARM.Collect$$libinit$$0000001B)
    __rt_lib_init_clock_1                    0x08000207   Thumb Code     0  libinit2.o(.ARM.Collect$$libinit$$00000021)
    __rt_lib_init_cpp_1                      0x08000207   Thumb Code     0  libinit2.o(.ARM.Collect$$libinit$$00000032)
    __rt_lib_init_exceptions_1               0x08000207   Thumb Code     0  libinit2.o(.ARM.Collect$$libinit$$00000030)
    __rt_lib_init_fp_trap_1                  0x08000207   Thumb Code     0  libinit2.o(.ARM.Collect$$libinit$$0000001F)
    __rt_lib_init_getenv_1                   0x08000207   Thumb Code     0  libinit2.o(.ARM.Collect$$libinit$$00000023)
    __rt_lib_init_heap_1                     0x08000207   Thumb Code     0  libinit2.o(.ARM.Collect$$libinit$$0000000A)
    __rt_lib_init_lc_collate_1               0x08000207   Thumb Code     0  libinit2.o(.ARM.Collect$$libinit$$00000011)
    __rt_lib_init_lc_ctype_1                 0x08000207   Thumb Code     0  libinit2.o(.ARM.Collect$$libinit$$00000013)
    __rt_lib_init_lc_monetary_1              0x08000207   Thumb Code     0  libinit2.o(.ARM.Collect$$libinit$$00000015)
    __rt_lib_init_lc_numeric_1               0x08000207   Thumb Code     0  libinit2.o(.ARM.Collect$$libinit$$00000017)
    __rt_lib_init_lc_time_1                  0x08000207   Thumb Code     0  libinit2.o(.ARM.Collect$$libinit$$00000019)
    __rt_lib_init_preinit_1                  0x08000207   Thumb Code     0  libinit2.o(.ARM.Collect$$libinit$$00000004)
    __rt_lib_init_rand_1                     0x08000207   Thumb Code     0  libinit2.o(.ARM.Collect$$libinit$$0000000E)
    __rt_lib_init_return                     0x08000207   Thumb Code     0  libinit2.o(.ARM.Collect$$libinit$$00000033)
    __rt_lib_init_signal_1                   0x08000207   Thumb Code     0  libinit2.o(.ARM.Collect$$libinit$$0000001D)
    __rt_lib_init_stdio_1                    0x08000207   Thumb Code     0  libinit2.o(.ARM.Collect$$libinit$$00000025)
    __rt_lib_init_user_alloc_1               0x08000207   Thumb Code     0  libinit2.o(.ARM.Collect$$libinit$$0000000C)
    __rt_lib_shutdown                        0x08000209   Thumb Code     0  libshutdown.o(.ARM.Collect$$libshutdown$$00000000)
    __rt_lib_shutdown_fp_trap_1              0x0800020b   Thumb Code     0  libshutdown2.o(.ARM.Collect$$libshutdown$$00000006)
    __rt_lib_shutdown_heap_1                 0x0800020b   Thumb Code     0  libshutdown2.o(.ARM.Collect$$libshutdown$$0000000E)
    __rt_lib_shutdown_return                 0x0800020b   Thumb Code     0  libshutdown2.o(.ARM.Collect$$libshutdown$$0000000F)
    __rt_lib_shutdown_signal_1               0x0800020b   Thumb Code     0  libshutdown2.o(.ARM.Collect$$libshutdown$$00000009)
    __rt_lib_shutdown_stdio_1                0x0800020b   Thumb Code     0  libshutdown2.o(.ARM.Collect$$libshutdown$$00000003)
    __rt_lib_shutdown_user_alloc_1           0x0800020b   Thumb Code     0  libshutdown2.o(.ARM.Collect$$libshutdown$$0000000B)
    __rt_entry                               0x0800020d   Thumb Code     0  __rtentry.o(.ARM.Collect$$rtentry$$00000000)
    __rt_entry_presh_1                       0x0800020d   Thumb Code     0  __rtentry2.o(.ARM.Collect$$rtentry$$00000002)
    __rt_entry_sh                            0x0800020d   Thumb Code     0  __rtentry4.o(.ARM.Collect$$rtentry$$00000004)
    __rt_entry_li                            0x08000213   Thumb Code     0  __rtentry2.o(.ARM.Collect$$rtentry$$0000000A)
    __rt_entry_postsh_1                      0x08000213   Thumb Code     0  __rtentry2.o(.ARM.Collect$$rtentry$$00000009)
    __rt_entry_main                          0x08000217   Thumb Code     0  __rtentry2.o(.ARM.Collect$$rtentry$$0000000D)
    __rt_entry_postli_1                      0x08000217   Thumb Code     0  __rtentry2.o(.ARM.Collect$$rtentry$$0000000C)
    __rt_exit                                0x0800021f   Thumb Code     0  rtexit.o(.ARM.Collect$$rtexit$$00000000)
    __rt_exit_ls                             0x08000221   Thumb Code     0  rtexit2.o(.ARM.Collect$$rtexit$$00000003)
    __rt_exit_prels_1                        0x08000221   Thumb Code     0  rtexit2.o(.ARM.Collect$$rtexit$$00000002)
    __rt_exit_exit                           0x08000225   Thumb Code     0  rtexit2.o(.ARM.Collect$$rtexit$$00000004)
    abs                                      0x0800022d   Thumb Code    10  main.o(.text)
    TIM4_IRQHandler                          0x08000237   Thumb Code   112  main.o(.text)
    InitSin                                  0x080002a7   Thumb Code   144  main.o(.text)
    main                                     0x08000337   Thumb Code   642  main.o(.text)
    NMI_Handler                              0x0800061d   Thumb Code     2  stm32f4xx_it.o(.text)
    HardFault_Handler                        0x0800061f   Thumb Code     4  stm32f4xx_it.o(.text)
    MemManage_Handler                        0x08000623   Thumb Code     4  stm32f4xx_it.o(.text)
    BusFault_Handler                         0x08000627   Thumb Code     4  stm32f4xx_it.o(.text)
    UsageFault_Handler                       0x0800062b   Thumb Code     4  stm32f4xx_it.o(.text)
    SVC_Handler                              0x0800062f   Thumb Code     2  stm32f4xx_it.o(.text)
    DebugMon_Handler                         0x08000631   Thumb Code     2  stm32f4xx_it.o(.text)
    PendSV_Handler                           0x08000633   Thumb Code     2  stm32f4xx_it.o(.text)
    SysTick_Handler                          0x08000635   Thumb Code     2  stm32f4xx_it.o(.text)
    SystemInit                               0x08000715   Thumb Code    88  system_stm32f4xx.o(.text)
    SystemCoreClockUpdate                    0x0800076d   Thumb Code   174  system_stm32f4xx.o(.text)
    LED_Init                                 0x08000849   Thumb Code    60  led.o(.text)
    IIC_Init                                 0x08000889   Thumb Code    60  myiic.o(.text)
    IIC_Start                                0x080008c5   Thumb Code    68  myiic.o(.text)
    IIC_Stop                                 0x08000909   Thumb Code    62  myiic.o(.text)
    IIC_Wait_Ack                             0x08000947   Thumb Code    82  myiic.o(.text)
    IIC_Ack                                  0x08000999   Thumb Code    66  myiic.o(.text)
    IIC_NAck                                 0x080009db   Thumb Code    66  myiic.o(.text)
    IIC_Send_Byte                            0x08000a1d   Thumb Code    90  myiic.o(.text)
    IIC_Read_Byte                            0x08000a77   Thumb Code    94  myiic.o(.text)
    MPU_Write_Byte                           0x08000ae1   Thumb Code    68  mpu6050.o(.text)
    MPU_Set_LPF                              0x08000b25   Thumb Code    58  mpu6050.o(.text)
    MPU_Set_Rate                             0x08000b5f   Thumb Code    58  mpu6050.o(.text)
    MPU_Read_Byte                            0x08000b99   Thumb Code    58  mpu6050.o(.text)
    MPU_Set_Accel_Fsr                        0x08000bd3   Thumb Code    16  mpu6050.o(.text)
    MPU_Set_Gyro_Fsr                         0x08000be3   Thumb Code    16  mpu6050.o(.text)
    MPU_Init                                 0x08000bf3   Thumb Code   122  mpu6050.o(.text)
    MPU_Read_Len                             0x08000c6d   Thumb Code   116  mpu6050.o(.text)
    MPU_Get_Temperature                      0x08000ce1   Thumb Code   110  mpu6050.o(.text)
    MPU_Get_Gyroscope                        0x08000d4f   Thumb Code    80  mpu6050.o(.text)
    MPU_Get_Accelerometer                    0x08000d9f   Thumb Code    80  mpu6050.o(.text)
    MPU_Write_Len                            0x08000def   Thumb Code    96  mpu6050.o(.text)
    mpu_get_accel_sens                       0x08000e65   Thumb Code    78  inv_mpu.o(.text)
    mpu_get_gyro_sens                        0x08000eb3   Thumb Code    74  inv_mpu.o(.text)
    mpu_reset_fifo                           0x08000efd   Thumb Code   450  inv_mpu.o(.text)
    mpu_set_lpf                              0x08001149   Thumb Code   126  inv_mpu.o(.text)
    mpu_configure_fifo                       0x080011c7   Thumb Code   106  inv_mpu.o(.text)
    mpu_set_int_latched                      0x08001231   Thumb Code   124  inv_mpu.o(.text)
    mpu_lp_accel_mode                        0x080012ad   Thumb Code   218  inv_mpu.o(.text)
    mpu_set_sample_rate                      0x08001387   Thumb Code   152  inv_mpu.o(.text)
    mpu_set_bypass                           0x0800141f   Thumb Code   328  inv_mpu.o(.text)
    mpu_set_dmp_state                        0x08001567   Thumb Code   138  inv_mpu.o(.text)
    mpu_set_sensors                          0x080015f1   Thumb Code   210  inv_mpu.o(.text)
    mpu_set_accel_fsr                        0x080016c3   Thumb Code   126  inv_mpu.o(.text)
    mpu_set_gyro_fsr                         0x08001741   Thumb Code   132  inv_mpu.o(.text)
    mpu_get_fifo_config                      0x08001ecb   Thumb Code    12  inv_mpu.o(.text)
    mpu_get_sample_rate                      0x08001ed7   Thumb Code    26  inv_mpu.o(.text)
    mpu_get_lpf                              0x08001ef1   Thumb Code    74  inv_mpu.o(.text)
    mpu_get_accel_fsr                        0x08001f3b   Thumb Code    72  inv_mpu.o(.text)
    mpu_get_gyro_fsr                         0x08001f83   Thumb Code    64  inv_mpu.o(.text)
    mpu_run_self_test                        0x08001fc3   Thumb Code   278  inv_mpu.o(.text)
    run_self_test                            0x080020d9   Thumb Code   150  inv_mpu.o(.text)
    inv_row_2_scale                          0x0800216f   Thumb Code    78  inv_mpu.o(.text)
    inv_orientation_matrix_to_scalar         0x080021bd   Thumb Code    40  inv_mpu.o(.text)
    get_ms                                   0x080021e5   Thumb Code     2  inv_mpu.o(.text)
    mpu_reg_dump                             0x080021e7   Thumb Code    72  inv_mpu.o(.text)
    mpu_read_reg                             0x0800222f   Thumb Code    66  inv_mpu.o(.text)
    mpu_init                                 0x08002271   Thumb Code   418  inv_mpu.o(.text)
    mpu_get_gyro_reg                         0x08002413   Thumb Code   102  inv_mpu.o(.text)
    mpu_get_accel_reg                        0x08002479   Thumb Code   110  inv_mpu.o(.text)
    mpu_get_temperature                      0x080024e7   Thumb Code   142  inv_mpu.o(.text)
    mpu_set_accel_bias                       0x08002575   Thumb Code   466  inv_mpu.o(.text)
    mpu_get_compass_sample_rate              0x08002747   Thumb Code    10  inv_mpu.o(.text)
    mpu_set_compass_sample_rate              0x08002751   Thumb Code     8  inv_mpu.o(.text)
    mpu_get_power_state                      0x08002759   Thumb Code    22  inv_mpu.o(.text)
    mpu_get_int_status                       0x0800276f   Thumb Code    64  inv_mpu.o(.text)
    mpu_read_fifo                            0x080027af   Thumb Code   500  inv_mpu.o(.text)
    mpu_read_fifo_stream                     0x080029a3   Thumb Code   186  inv_mpu.o(.text)
    mpu_set_int_level                        0x08002a5d   Thumb Code    12  inv_mpu.o(.text)
    mpu_write_mem                            0x08002a69   Thumb Code   122  inv_mpu.o(.text)
    mpu_read_mem                             0x08002ae3   Thumb Code   126  inv_mpu.o(.text)
    mpu_load_firmware                        0x08002b61   Thumb Code   180  inv_mpu.o(.text)
    mpu_get_dmp_state                        0x08002c15   Thumb Code    14  inv_mpu.o(.text)
    mpu_get_compass_reg                      0x08002c23   Thumb Code     8  inv_mpu.o(.text)
    mpu_get_compass_fsr                      0x08002c2b   Thumb Code     8  inv_mpu.o(.text)
    mpu_lp_motion_interrupt                  0x08002c33   Thumb Code   512  inv_mpu.o(.text)
    mpu_dmp_init                             0x08002e33   Thumb Code   124  inv_mpu.o(.text)
    mpu_dmp_get_data                         0x08002eaf   Thumb Code   588  inv_mpu.o(.text)
    dmp_load_motion_driver_firmware          0x0800310d   Thumb Code    20  inv_mpu_dmp_motion_driver.o(.text)
    dmp_set_orientation                      0x08003121   Thumb Code   290  inv_mpu_dmp_motion_driver.o(.text)
    dmp_set_gyro_bias                        0x08003243   Thumb Code   294  inv_mpu_dmp_motion_driver.o(.text)
    dmp_set_accel_bias                       0x08003369   Thumb Code   300  inv_mpu_dmp_motion_driver.o(.text)
    dmp_set_fifo_rate                        0x08003495   Thumb Code   136  inv_mpu_dmp_motion_driver.o(.text)
    dmp_get_fifo_rate                        0x0800351d   Thumb Code    12  inv_mpu_dmp_motion_driver.o(.text)
    dmp_set_tap_thresh                       0x08003529   Thumb Code   412  inv_mpu_dmp_motion_driver.o(.text)
    dmp_set_tap_axes                         0x080036c5   Thumb Code    70  inv_mpu_dmp_motion_driver.o(.text)
    dmp_set_tap_count                        0x0800370b   Thumb Code    38  inv_mpu_dmp_motion_driver.o(.text)
    dmp_set_tap_time                         0x08003731   Thumb Code    38  inv_mpu_dmp_motion_driver.o(.text)
    dmp_set_tap_time_multi                   0x08003757   Thumb Code    38  inv_mpu_dmp_motion_driver.o(.text)
    dmp_set_shake_reject_thresh              0x0800377d   Thumb Code    56  inv_mpu_dmp_motion_driver.o(.text)
    dmp_set_shake_reject_time                0x080037b5   Thumb Code    38  inv_mpu_dmp_motion_driver.o(.text)
    dmp_set_shake_reject_timeout             0x080037db   Thumb Code    38  inv_mpu_dmp_motion_driver.o(.text)
    dmp_get_pedometer_step_count             0x08003801   Thumb Code    66  inv_mpu_dmp_motion_driver.o(.text)
    dmp_set_pedometer_step_count             0x08003843   Thumb Code    42  inv_mpu_dmp_motion_driver.o(.text)
    dmp_get_pedometer_walk_time              0x0800386d   Thumb Code    72  inv_mpu_dmp_motion_driver.o(.text)
    dmp_set_pedometer_walk_time              0x080038b5   Thumb Code    48  inv_mpu_dmp_motion_driver.o(.text)
    dmp_enable_6x_lp_quat                    0x080038e5   Thumb Code   100  inv_mpu_dmp_motion_driver.o(.text)
    dmp_enable_lp_quat                       0x08003949   Thumb Code    60  inv_mpu_dmp_motion_driver.o(.text)
    dmp_enable_gyro_cal                      0x08003985   Thumb Code    62  inv_mpu_dmp_motion_driver.o(.text)
    dmp_enable_feature                       0x080039c3   Thumb Code   530  inv_mpu_dmp_motion_driver.o(.text)
    dmp_get_enabled_features                 0x08003bd5   Thumb Code    12  inv_mpu_dmp_motion_driver.o(.text)
    dmp_set_interrupt_mode                   0x08003c3f   Thumb Code    66  inv_mpu_dmp_motion_driver.o(.text)
    dmp_read_fifo                            0x08003c81   Thumb Code   508  inv_mpu_dmp_motion_driver.o(.text)
    dmp_register_tap_cb                      0x08003e7d   Thumb Code    10  inv_mpu_dmp_motion_driver.o(.text)
    dmp_register_android_orient_cb           0x08003e87   Thumb Code    10  inv_mpu_dmp_motion_driver.o(.text)
    Servo_Init                               0x08003e95   Thumb Code   244  servo.o(.text)
    Servo1_SetDegree                         0x08003f89   Thumb Code    44  servo.o(.text)
    Servo2_SetDegree                         0x08003fb5   Thumb Code    44  servo.o(.text)
    Servo3_SetDegree                         0x08003fe1   Thumb Code    44  servo.o(.text)
    Servo4_SetDegree                         0x0800400d   Thumb Code    44  servo.o(.text)
    Int_Init                                 0x08004045   Thumb Code    90  interuption.o(.text)
    IntSetTestFrequency                      0x0800409f   Thumb Code    18  interuption.o(.text)
    IntSetCtrInterval                        0x080040b1   Thumb Code    10  interuption.o(.text)
    usart1_send_char                         0x080040bb   Thumb Code    28  interuption.o(.text)
    upload_data                              0x080040d7   Thumb Code   134  interuption.o(.text)
    delay_init                               0x08004165   Thumb Code    52  delay.o(.text)
    delay_us                                 0x08004199   Thumb Code    72  delay.o(.text)
    delay_xms                                0x080041e1   Thumb Code    72  delay.o(.text)
    delay_ms                                 0x08004229   Thumb Code    56  delay.o(.text)
    _sys_exit                                0x08004269   Thumb Code     6  usart.o(.text)
    fputc                                    0x0800426f   Thumb Code    22  usart.o(.text)
    uart_init                                0x08004285   Thumb Code   164  usart.o(.text)
    USART1_IRQHandler                        0x08004329   Thumb Code   122  usart.o(.text)
    Reset_Handler                            0x080043b5   Thumb Code     8  startup_stm32f40_41xxx.o(.text)
    ADC_IRQHandler                           0x080043cf   Thumb Code     0  startup_stm32f40_41xxx.o(.text)
    CAN1_RX0_IRQHandler                      0x080043cf   Thumb Code     0  startup_stm32f40_41xxx.o(.text)
    CAN1_RX1_IRQHandler                      0x080043cf   Thumb Code     0  startup_stm32f40_41xxx.o(.text)
    CAN1_SCE_IRQHandler                      0x080043cf   Thumb Code     0  startup_stm32f40_41xxx.o(.text)
    CAN1_TX_IRQHandler                       0x080043cf   Thumb Code     0  startup_stm32f40_41xxx.o(.text)
    CAN2_RX0_IRQHandler                      0x080043cf   Thumb Code     0  startup_stm32f40_41xxx.o(.text)
    CAN2_RX1_IRQHandler                      0x080043cf   Thumb Code     0  startup_stm32f40_41xxx.o(.text)
    CAN2_SCE_IRQHandler                      0x080043cf   Thumb Code     0  startup_stm32f40_41xxx.o(.text)
    CAN2_TX_IRQHandler                       0x080043cf   Thumb Code     0  startup_stm32f40_41xxx.o(.text)
    CRYP_IRQHandler                          0x080043cf   Thumb Code     0  startup_stm32f40_41xxx.o(.text)
    DCMI_IRQHandler                          0x080043cf   Thumb Code     0  startup_stm32f40_41xxx.o(.text)
    DMA1_Stream0_IRQHandler                  0x080043cf   Thumb Code     0  startup_stm32f40_41xxx.o(.text)
    DMA1_Stream1_IRQHandler                  0x080043cf   Thumb Code     0  startup_stm32f40_41xxx.o(.text)
    DMA1_Stream2_IRQHandler                  0x080043cf   Thumb Code     0  startup_stm32f40_41xxx.o(.text)
    DMA1_Stream3_IRQHandler                  0x080043cf   Thumb Code     0  startup_stm32f40_41xxx.o(.text)
    DMA1_Stream4_IRQHandler                  0x080043cf   Thumb Code     0  startup_stm32f40_41xxx.o(.text)
    DMA1_Stream5_IRQHandler                  0x080043cf   Thumb Code     0  startup_stm32f40_41xxx.o(.text)
    DMA1_Stream6_IRQHandler                  0x080043cf   Thumb Code     0  startup_stm32f40_41xxx.o(.text)
    DMA1_Stream7_IRQHandler                  0x080043cf   Thumb Code     0  startup_stm32f40_41xxx.o(.text)
    DMA2_Stream0_IRQHandler                  0x080043cf   Thumb Code     0  startup_stm32f40_41xxx.o(.text)
    DMA2_Stream1_IRQHandler                  0x080043cf   Thumb Code     0  startup_stm32f40_41xxx.o(.text)
    DMA2_Stream2_IRQHandler                  0x080043cf   Thumb Code     0  startup_stm32f40_41xxx.o(.text)
    DMA2_Stream3_IRQHandler                  0x080043cf   Thumb Code     0  startup_stm32f40_41xxx.o(.text)
    DMA2_Stream4_IRQHandler                  0x080043cf   Thumb Code     0  startup_stm32f40_41xxx.o(.text)
    DMA2_Stream5_IRQHandler                  0x080043cf   Thumb Code     0  startup_stm32f40_41xxx.o(.text)
    DMA2_Stream6_IRQHandler                  0x080043cf   Thumb Code     0  startup_stm32f40_41xxx.o(.text)
    DMA2_Stream7_IRQHandler                  0x080043cf   Thumb Code     0  startup_stm32f40_41xxx.o(.text)
    ETH_IRQHandler                           0x080043cf   Thumb Code     0  startup_stm32f40_41xxx.o(.text)
    ETH_WKUP_IRQHandler                      0x080043cf   Thumb Code     0  startup_stm32f40_41xxx.o(.text)
    EXTI0_IRQHandler                         0x080043cf   Thumb Code     0  startup_stm32f40_41xxx.o(.text)
    EXTI15_10_IRQHandler                     0x080043cf   Thumb Code     0  startup_stm32f40_41xxx.o(.text)
    EXTI1_IRQHandler                         0x080043cf   Thumb Code     0  startup_stm32f40_41xxx.o(.text)
    EXTI2_IRQHandler                         0x080043cf   Thumb Code     0  startup_stm32f40_41xxx.o(.text)
    EXTI3_IRQHandler                         0x080043cf   Thumb Code     0  startup_stm32f40_41xxx.o(.text)
    EXTI4_IRQHandler                         0x080043cf   Thumb Code     0  startup_stm32f40_41xxx.o(.text)
    EXTI9_5_IRQHandler                       0x080043cf   Thumb Code     0  startup_stm32f40_41xxx.o(.text)
    FLASH_IRQHandler                         0x080043cf   Thumb Code     0  startup_stm32f40_41xxx.o(.text)
    FPU_IRQHandler                           0x080043cf   Thumb Code     0  startup_stm32f40_41xxx.o(.text)
    FSMC_IRQHandler                          0x080043cf   Thumb Code     0  startup_stm32f40_41xxx.o(.text)
    HASH_RNG_IRQHandler                      0x080043cf   Thumb Code     0  startup_stm32f40_41xxx.o(.text)
    I2C1_ER_IRQHandler                       0x080043cf   Thumb Code     0  startup_stm32f40_41xxx.o(.text)
    I2C1_EV_IRQHandler                       0x080043cf   Thumb Code     0  startup_stm32f40_41xxx.o(.text)
    I2C2_ER_IRQHandler                       0x080043cf   Thumb Code     0  startup_stm32f40_41xxx.o(.text)
    I2C2_EV_IRQHandler                       0x080043cf   Thumb Code     0  startup_stm32f40_41xxx.o(.text)
    I2C3_ER_IRQHandler                       0x080043cf   Thumb Code     0  startup_stm32f40_41xxx.o(.text)
    I2C3_EV_IRQHandler                       0x080043cf   Thumb Code     0  startup_stm32f40_41xxx.o(.text)
    OTG_FS_IRQHandler                        0x080043cf   Thumb Code     0  startup_stm32f40_41xxx.o(.text)
    OTG_FS_WKUP_IRQHandler                   0x080043cf   Thumb Code     0  startup_stm32f40_41xxx.o(.text)
    OTG_HS_EP1_IN_IRQHandler                 0x080043cf   Thumb Code     0  startup_stm32f40_41xxx.o(.text)
    OTG_HS_EP1_OUT_IRQHandler                0x080043cf   Thumb Code     0  startup_stm32f40_41xxx.o(.text)
    OTG_HS_IRQHandler                        0x080043cf   Thumb Code     0  startup_stm32f40_41xxx.o(.text)
    OTG_HS_WKUP_IRQHandler                   0x080043cf   Thumb Code     0  startup_stm32f40_41xxx.o(.text)
    PVD_IRQHandler                           0x080043cf   Thumb Code     0  startup_stm32f40_41xxx.o(.text)
    RCC_IRQHandler                           0x080043cf   Thumb Code     0  startup_stm32f40_41xxx.o(.text)
    RTC_Alarm_IRQHandler                     0x080043cf   Thumb Code     0  startup_stm32f40_41xxx.o(.text)
    RTC_WKUP_IRQHandler                      0x080043cf   Thumb Code     0  startup_stm32f40_41xxx.o(.text)
    SDIO_IRQHandler                          0x080043cf   Thumb Code     0  startup_stm32f40_41xxx.o(.text)
    SPI1_IRQHandler                          0x080043cf   Thumb Code     0  startup_stm32f40_41xxx.o(.text)
    SPI2_IRQHandler                          0x080043cf   Thumb Code     0  startup_stm32f40_41xxx.o(.text)
    SPI3_IRQHandler                          0x080043cf   Thumb Code     0  startup_stm32f40_41xxx.o(.text)
    TAMP_STAMP_IRQHandler                    0x080043cf   Thumb Code     0  startup_stm32f40_41xxx.o(.text)
    TIM1_BRK_TIM9_IRQHandler                 0x080043cf   Thumb Code     0  startup_stm32f40_41xxx.o(.text)
    TIM1_CC_IRQHandler                       0x080043cf   Thumb Code     0  startup_stm32f40_41xxx.o(.text)
    TIM1_TRG_COM_TIM11_IRQHandler            0x080043cf   Thumb Code     0  startup_stm32f40_41xxx.o(.text)
    TIM1_UP_TIM10_IRQHandler                 0x080043cf   Thumb Code     0  startup_stm32f40_41xxx.o(.text)
    TIM2_IRQHandler                          0x080043cf   Thumb Code     0  startup_stm32f40_41xxx.o(.text)
    TIM3_IRQHandler                          0x080043cf   Thumb Code     0  startup_stm32f40_41xxx.o(.text)
    TIM5_IRQHandler                          0x080043cf   Thumb Code     0  startup_stm32f40_41xxx.o(.text)
    TIM6_DAC_IRQHandler                      0x080043cf   Thumb Code     0  startup_stm32f40_41xxx.o(.text)
    TIM7_IRQHandler                          0x080043cf   Thumb Code     0  startup_stm32f40_41xxx.o(.text)
    TIM8_BRK_TIM12_IRQHandler                0x080043cf   Thumb Code     0  startup_stm32f40_41xxx.o(.text)
    TIM8_CC_IRQHandler                       0x080043cf   Thumb Code     0  startup_stm32f40_41xxx.o(.text)
    TIM8_TRG_COM_TIM14_IRQHandler            0x080043cf   Thumb Code     0  startup_stm32f40_41xxx.o(.text)
    TIM8_UP_TIM13_IRQHandler                 0x080043cf   Thumb Code     0  startup_stm32f40_41xxx.o(.text)
    UART4_IRQHandler                         0x080043cf   Thumb Code     0  startup_stm32f40_41xxx.o(.text)
    UART5_IRQHandler                         0x080043cf   Thumb Code     0  startup_stm32f40_41xxx.o(.text)
    USART2_IRQHandler                        0x080043cf   Thumb Code     0  startup_stm32f40_41xxx.o(.text)
    USART3_IRQHandler                        0x080043cf   Thumb Code     0  startup_stm32f40_41xxx.o(.text)
    USART6_IRQHandler                        0x080043cf   Thumb Code     0  startup_stm32f40_41xxx.o(.text)
    WWDG_IRQHandler                          0x080043cf   Thumb Code     0  startup_stm32f40_41xxx.o(.text)
    __user_initial_stackheap                 0x080043d1   Thumb Code     0  startup_stm32f40_41xxx.o(.text)
    NVIC_PriorityGroupConfig                 0x080043f5   Thumb Code    10  misc.o(.text)
    NVIC_Init                                0x080043ff   Thumb Code   106  misc.o(.text)
    NVIC_SetVectorTable                      0x08004469   Thumb Code    14  misc.o(.text)
    NVIC_SystemLPConfig                      0x08004477   Thumb Code    34  misc.o(.text)
    SysTick_CLKSourceConfig                  0x08004499   Thumb Code    40  misc.o(.text)
    GPIO_DeInit                              0x080044d5   Thumb Code   268  stm32f4xx_gpio.o(.text)
    GPIO_Init                                0x080045e1   Thumb Code   144  stm32f4xx_gpio.o(.text)
    GPIO_StructInit                          0x08004671   Thumb Code    18  stm32f4xx_gpio.o(.text)
    GPIO_PinLockConfig                       0x08004683   Thumb Code    34  stm32f4xx_gpio.o(.text)
    GPIO_ReadInputDataBit                    0x080046a5   Thumb Code    18  stm32f4xx_gpio.o(.text)
    GPIO_ReadInputData                       0x080046b7   Thumb Code     8  stm32f4xx_gpio.o(.text)
    GPIO_ReadOutputDataBit                   0x080046bf   Thumb Code    18  stm32f4xx_gpio.o(.text)
    GPIO_ReadOutputData                      0x080046d1   Thumb Code     8  stm32f4xx_gpio.o(.text)
    GPIO_SetBits                             0x080046d9   Thumb Code     4  stm32f4xx_gpio.o(.text)
    GPIO_ResetBits                           0x080046dd   Thumb Code     4  stm32f4xx_gpio.o(.text)
    GPIO_WriteBit                            0x080046e1   Thumb Code    10  stm32f4xx_gpio.o(.text)
    GPIO_Write                               0x080046eb   Thumb Code     4  stm32f4xx_gpio.o(.text)
    GPIO_ToggleBits                          0x080046ef   Thumb Code     8  stm32f4xx_gpio.o(.text)
    GPIO_PinAFConfig                         0x080046f7   Thumb Code    70  stm32f4xx_gpio.o(.text)
    RCC_DeInit                               0x08004769   Thumb Code    82  stm32f4xx_rcc.o(.text)
    RCC_HSEConfig                            0x080047bb   Thumb Code    14  stm32f4xx_rcc.o(.text)
    RCC_GetFlagStatus                        0x080047c9   Thumb Code    60  stm32f4xx_rcc.o(.text)
    RCC_WaitForHSEStartUp                    0x08004805   Thumb Code    56  stm32f4xx_rcc.o(.text)
    RCC_AdjustHSICalibrationValue            0x0800483d   Thumb Code    20  stm32f4xx_rcc.o(.text)
    RCC_HSICmd                               0x08004851   Thumb Code     6  stm32f4xx_rcc.o(.text)
    RCC_LSEConfig                            0x08004857   Thumb Code    46  stm32f4xx_rcc.o(.text)
    RCC_LSICmd                               0x08004885   Thumb Code     6  stm32f4xx_rcc.o(.text)
    RCC_PLLConfig                            0x0800488b   Thumb Code    32  stm32f4xx_rcc.o(.text)
    RCC_PLLCmd                               0x080048ab   Thumb Code     6  stm32f4xx_rcc.o(.text)
    RCC_PLLI2SConfig                         0x080048b1   Thumb Code    14  stm32f4xx_rcc.o(.text)
    RCC_PLLI2SCmd                            0x080048bf   Thumb Code     6  stm32f4xx_rcc.o(.text)
    RCC_PLLSAIConfig                         0x080048c5   Thumb Code    20  stm32f4xx_rcc.o(.text)
    RCC_PLLSAICmd                            0x080048d9   Thumb Code     6  stm32f4xx_rcc.o(.text)
    RCC_ClockSecuritySystemCmd               0x080048df   Thumb Code     6  stm32f4xx_rcc.o(.text)
    RCC_MCO1Config                           0x080048e5   Thumb Code    28  stm32f4xx_rcc.o(.text)
    RCC_MCO2Config                           0x08004901   Thumb Code    28  stm32f4xx_rcc.o(.text)
    RCC_SYSCLKConfig                         0x0800491d   Thumb Code    20  stm32f4xx_rcc.o(.text)
    RCC_GetSYSCLKSource                      0x08004931   Thumb Code    12  stm32f4xx_rcc.o(.text)
    RCC_HCLKConfig                           0x0800493d   Thumb Code    20  stm32f4xx_rcc.o(.text)
    RCC_PCLK1Config                          0x08004951   Thumb Code    20  stm32f4xx_rcc.o(.text)
    RCC_PCLK2Config                          0x08004965   Thumb Code    22  stm32f4xx_rcc.o(.text)
    RCC_GetClocksFreq                        0x0800497b   Thumb Code   222  stm32f4xx_rcc.o(.text)
    RCC_RTCCLKConfig                         0x08004a59   Thumb Code    54  stm32f4xx_rcc.o(.text)
    RCC_RTCCLKCmd                            0x08004a8f   Thumb Code     8  stm32f4xx_rcc.o(.text)
    RCC_BackupResetCmd                       0x08004a97   Thumb Code     8  stm32f4xx_rcc.o(.text)
    RCC_I2SCLKConfig                         0x08004a9f   Thumb Code     6  stm32f4xx_rcc.o(.text)
    RCC_SAIPLLI2SClkDivConfig                0x08004aa5   Thumb Code    26  stm32f4xx_rcc.o(.text)
    RCC_SAIPLLSAIClkDivConfig                0x08004abf   Thumb Code    28  stm32f4xx_rcc.o(.text)
    RCC_SAIBlockACLKConfig                   0x08004adb   Thumb Code    20  stm32f4xx_rcc.o(.text)
    RCC_SAIBlockBCLKConfig                   0x08004aef   Thumb Code    20  stm32f4xx_rcc.o(.text)
    RCC_LTDCCLKDivConfig                     0x08004b03   Thumb Code    20  stm32f4xx_rcc.o(.text)
    RCC_TIMCLKPresConfig                     0x08004b17   Thumb Code     6  stm32f4xx_rcc.o(.text)
    RCC_AHB1PeriphClockCmd                   0x08004b1d   Thumb Code    34  stm32f4xx_rcc.o(.text)
    RCC_AHB2PeriphClockCmd                   0x08004b3f   Thumb Code    78  stm32f4xx_rcc.o(.text)
    RCC_AHB3PeriphClockCmd                   0x08004b8d   Thumb Code    34  stm32f4xx_rcc.o(.text)
    RCC_APB1PeriphClockCmd                   0x08004baf   Thumb Code    34  stm32f4xx_rcc.o(.text)
    RCC_APB2PeriphClockCmd                   0x08004bd1   Thumb Code    34  stm32f4xx_rcc.o(.text)
    RCC_AHB1PeriphResetCmd                   0x08004bf3   Thumb Code    34  stm32f4xx_rcc.o(.text)
    RCC_AHB2PeriphResetCmd                   0x08004c15   Thumb Code    34  stm32f4xx_rcc.o(.text)
    RCC_AHB3PeriphResetCmd                   0x08004c37   Thumb Code    34  stm32f4xx_rcc.o(.text)
    RCC_APB1PeriphResetCmd                   0x08004c59   Thumb Code    34  stm32f4xx_rcc.o(.text)
    RCC_APB2PeriphResetCmd                   0x08004c7b   Thumb Code    34  stm32f4xx_rcc.o(.text)
    RCC_AHB1PeriphClockLPModeCmd             0x08004c9d   Thumb Code    34  stm32f4xx_rcc.o(.text)
    RCC_AHB2PeriphClockLPModeCmd             0x08004cbf   Thumb Code    34  stm32f4xx_rcc.o(.text)
    RCC_AHB3PeriphClockLPModeCmd             0x08004ce1   Thumb Code    34  stm32f4xx_rcc.o(.text)
    RCC_APB1PeriphClockLPModeCmd             0x08004d03   Thumb Code    34  stm32f4xx_rcc.o(.text)
    RCC_APB2PeriphClockLPModeCmd             0x08004d25   Thumb Code    34  stm32f4xx_rcc.o(.text)
    RCC_LSEModeConfig                        0x08004d47   Thumb Code    40  stm32f4xx_rcc.o(.text)
    RCC_ITConfig                             0x08004d6f   Thumb Code    34  stm32f4xx_rcc.o(.text)
    RCC_ClearFlag                            0x08004d91   Thumb Code    18  stm32f4xx_rcc.o(.text)
    RCC_GetITStatus                          0x08004da3   Thumb Code    22  stm32f4xx_rcc.o(.text)
    RCC_ClearITPendingBit                    0x08004db9   Thumb Code     8  stm32f4xx_rcc.o(.text)
    USART_DeInit                             0x08004dc5   Thumb Code   206  stm32f4xx_usart.o(.text)
    USART_Init                               0x08004e93   Thumb Code   204  stm32f4xx_usart.o(.text)
    USART_StructInit                         0x08004f5f   Thumb Code    24  stm32f4xx_usart.o(.text)
    USART_ClockInit                          0x08004f77   Thumb Code    32  stm32f4xx_usart.o(.text)
    USART_ClockStructInit                    0x08004f97   Thumb Code    12  stm32f4xx_usart.o(.text)
    USART_Cmd                                0x08004fa3   Thumb Code    24  stm32f4xx_usart.o(.text)
    USART_SetPrescaler                       0x08004fbb   Thumb Code    16  stm32f4xx_usart.o(.text)
    USART_OverSampling8Cmd                   0x08004fcb   Thumb Code    22  stm32f4xx_usart.o(.text)
    USART_OneBitMethodCmd                    0x08004fe1   Thumb Code    24  stm32f4xx_usart.o(.text)
    USART_SendData                           0x08004ff9   Thumb Code     8  stm32f4xx_usart.o(.text)
    USART_ReceiveData                        0x08005001   Thumb Code    10  stm32f4xx_usart.o(.text)
    USART_SetAddress                         0x0800500b   Thumb Code    18  stm32f4xx_usart.o(.text)
    USART_ReceiverWakeUpCmd                  0x0800501d   Thumb Code    24  stm32f4xx_usart.o(.text)
    USART_WakeUpConfig                       0x08005035   Thumb Code    18  stm32f4xx_usart.o(.text)
    USART_LINBreakDetectLengthConfig         0x08005047   Thumb Code    18  stm32f4xx_usart.o(.text)
    USART_LINCmd                             0x08005059   Thumb Code    24  stm32f4xx_usart.o(.text)
    USART_SendBreak                          0x08005071   Thumb Code    10  stm32f4xx_usart.o(.text)
    USART_HalfDuplexCmd                      0x0800507b   Thumb Code    24  stm32f4xx_usart.o(.text)
    USART_SetGuardTime                       0x08005093   Thumb Code    16  stm32f4xx_usart.o(.text)
    USART_SmartCardCmd                       0x080050a3   Thumb Code    24  stm32f4xx_usart.o(.text)
    USART_SmartCardNACKCmd                   0x080050bb   Thumb Code    24  stm32f4xx_usart.o(.text)
    USART_IrDAConfig                         0x080050d3   Thumb Code    18  stm32f4xx_usart.o(.text)
    USART_IrDACmd                            0x080050e5   Thumb Code    24  stm32f4xx_usart.o(.text)
    USART_DMACmd                             0x080050fd   Thumb Code    18  stm32f4xx_usart.o(.text)
    USART_ITConfig                           0x0800510f   Thumb Code    74  stm32f4xx_usart.o(.text)
    USART_GetFlagStatus                      0x08005159   Thumb Code    26  stm32f4xx_usart.o(.text)
    USART_ClearFlag                          0x08005173   Thumb Code    18  stm32f4xx_usart.o(.text)
    USART_GetITStatus                        0x08005185   Thumb Code   118  stm32f4xx_usart.o(.text)
    USART_ClearITPendingBit                  0x080051fb   Thumb Code    30  stm32f4xx_usart.o(.text)
    TIM_DeInit                               0x08005219   Thumb Code   346  stm32f4xx_tim.o(.text)
    TIM_TimeBaseInit                         0x08005373   Thumb Code   104  stm32f4xx_tim.o(.text)
    TIM_TimeBaseStructInit                   0x080053db   Thumb Code    18  stm32f4xx_tim.o(.text)
    TIM_PrescalerConfig                      0x080053ed   Thumb Code     6  stm32f4xx_tim.o(.text)
    TIM_CounterModeConfig                    0x080053f3   Thumb Code    18  stm32f4xx_tim.o(.text)
    TIM_SetCounter                           0x08005405   Thumb Code     4  stm32f4xx_tim.o(.text)
    TIM_SetAutoreload                        0x08005409   Thumb Code     4  stm32f4xx_tim.o(.text)
    TIM_GetCounter                           0x0800540d   Thumb Code     6  stm32f4xx_tim.o(.text)
    TIM_GetPrescaler                         0x08005413   Thumb Code     6  stm32f4xx_tim.o(.text)
    TIM_UpdateDisableConfig                  0x08005419   Thumb Code    24  stm32f4xx_tim.o(.text)
    TIM_UpdateRequestConfig                  0x08005431   Thumb Code    24  stm32f4xx_tim.o(.text)
    TIM_ARRPreloadConfig                     0x08005449   Thumb Code    24  stm32f4xx_tim.o(.text)
    TIM_SelectOnePulseMode                   0x08005461   Thumb Code    18  stm32f4xx_tim.o(.text)
    TIM_SetClockDivision                     0x08005473   Thumb Code    18  stm32f4xx_tim.o(.text)
    TIM_Cmd                                  0x08005485   Thumb Code    24  stm32f4xx_tim.o(.text)
    TIM_OC1Init                              0x0800549d   Thumb Code   114  stm32f4xx_tim.o(.text)
    TIM_OC2Init                              0x0800550f   Thumb Code   154  stm32f4xx_tim.o(.text)
    TIM_OC3Init                              0x080055a9   Thumb Code   204  stm32f4xx_tim.o(.text)
    TIM_OC4Init                              0x08005675   Thumb Code   112  stm32f4xx_tim.o(.text)
    TIM_OCStructInit                         0x080056e5   Thumb Code    20  stm32f4xx_tim.o(.text)
    TIM_SelectOCxM                           0x080056f9   Thumb Code    86  stm32f4xx_tim.o(.text)
    TIM_SetCompare1                          0x0800574f   Thumb Code     4  stm32f4xx_tim.o(.text)
    TIM_SetCompare2                          0x08005753   Thumb Code     4  stm32f4xx_tim.o(.text)
    TIM_SetCompare3                          0x08005757   Thumb Code     4  stm32f4xx_tim.o(.text)
    TIM_SetCompare4                          0x0800575b   Thumb Code     4  stm32f4xx_tim.o(.text)
    TIM_ForcedOC1Config                      0x0800575f   Thumb Code    18  stm32f4xx_tim.o(.text)
    TIM_ForcedOC2Config                      0x08005771   Thumb Code    26  stm32f4xx_tim.o(.text)
    TIM_ForcedOC3Config                      0x0800578b   Thumb Code    18  stm32f4xx_tim.o(.text)
    TIM_ForcedOC4Config                      0x0800579d   Thumb Code    26  stm32f4xx_tim.o(.text)
    TIM_OC1PreloadConfig                     0x080057b7   Thumb Code    18  stm32f4xx_tim.o(.text)
    TIM_OC2PreloadConfig                     0x080057c9   Thumb Code    26  stm32f4xx_tim.o(.text)
    TIM_OC3PreloadConfig                     0x080057e3   Thumb Code    18  stm32f4xx_tim.o(.text)
    TIM_OC4PreloadConfig                     0x080057f5   Thumb Code    26  stm32f4xx_tim.o(.text)
    TIM_OC1FastConfig                        0x0800580f   Thumb Code    18  stm32f4xx_tim.o(.text)
    TIM_OC2FastConfig                        0x08005821   Thumb Code    26  stm32f4xx_tim.o(.text)
    TIM_OC3FastConfig                        0x0800583b   Thumb Code    18  stm32f4xx_tim.o(.text)
    TIM_OC4FastConfig                        0x0800584d   Thumb Code    26  stm32f4xx_tim.o(.text)
    TIM_ClearOC1Ref                          0x08005867   Thumb Code    18  stm32f4xx_tim.o(.text)
    TIM_ClearOC2Ref                          0x08005879   Thumb Code    24  stm32f4xx_tim.o(.text)
    TIM_ClearOC3Ref                          0x08005891   Thumb Code    18  stm32f4xx_tim.o(.text)
    TIM_ClearOC4Ref                          0x080058a3   Thumb Code    24  stm32f4xx_tim.o(.text)
    TIM_OC1PolarityConfig                    0x080058bb   Thumb Code    18  stm32f4xx_tim.o(.text)
    TIM_OC1NPolarityConfig                   0x080058cd   Thumb Code    18  stm32f4xx_tim.o(.text)
    TIM_OC2PolarityConfig                    0x080058df   Thumb Code    26  stm32f4xx_tim.o(.text)
    TIM_OC2NPolarityConfig                   0x080058f9   Thumb Code    26  stm32f4xx_tim.o(.text)
    TIM_OC3PolarityConfig                    0x08005913   Thumb Code    26  stm32f4xx_tim.o(.text)
    TIM_OC3NPolarityConfig                   0x0800592d   Thumb Code    26  stm32f4xx_tim.o(.text)
    TIM_OC4PolarityConfig                    0x08005947   Thumb Code    26  stm32f4xx_tim.o(.text)
    TIM_CCxCmd                               0x08005961   Thumb Code    30  stm32f4xx_tim.o(.text)
    TIM_CCxNCmd                              0x0800597f   Thumb Code    30  stm32f4xx_tim.o(.text)
    TIM_SetIC4Prescaler                      0x0800599d   Thumb Code    26  stm32f4xx_tim.o(.text)
    TIM_SetIC3Prescaler                      0x08005a07   Thumb Code    18  stm32f4xx_tim.o(.text)
    TIM_SetIC2Prescaler                      0x08005a61   Thumb Code    26  stm32f4xx_tim.o(.text)
    TIM_SetIC1Prescaler                      0x08005ad5   Thumb Code    18  stm32f4xx_tim.o(.text)
    TIM_ICInit                               0x08005b21   Thumb Code   110  stm32f4xx_tim.o(.text)
    TIM_ICStructInit                         0x08005b8f   Thumb Code    18  stm32f4xx_tim.o(.text)
    TIM_PWMIConfig                           0x08005ba1   Thumb Code   124  stm32f4xx_tim.o(.text)
    TIM_GetCapture1                          0x08005c1d   Thumb Code     6  stm32f4xx_tim.o(.text)
    TIM_GetCapture2                          0x08005c23   Thumb Code     6  stm32f4xx_tim.o(.text)
    TIM_GetCapture3                          0x08005c29   Thumb Code     6  stm32f4xx_tim.o(.text)
    TIM_GetCapture4                          0x08005c2f   Thumb Code     6  stm32f4xx_tim.o(.text)
    TIM_BDTRConfig                           0x08005c35   Thumb Code    32  stm32f4xx_tim.o(.text)
    TIM_BDTRStructInit                       0x08005c55   Thumb Code    18  stm32f4xx_tim.o(.text)
    TIM_CtrlPWMOutputs                       0x08005c67   Thumb Code    30  stm32f4xx_tim.o(.text)
    TIM_SelectCOM                            0x08005c85   Thumb Code    24  stm32f4xx_tim.o(.text)
    TIM_CCPreloadControl                     0x08005c9d   Thumb Code    24  stm32f4xx_tim.o(.text)
    TIM_ITConfig                             0x08005cb5   Thumb Code    18  stm32f4xx_tim.o(.text)
    TIM_GenerateEvent                        0x08005cc7   Thumb Code     4  stm32f4xx_tim.o(.text)
    TIM_GetFlagStatus                        0x08005ccb   Thumb Code    18  stm32f4xx_tim.o(.text)
    TIM_ClearFlag                            0x08005cdd   Thumb Code     6  stm32f4xx_tim.o(.text)
    TIM_GetITStatus                          0x08005ce3   Thumb Code    34  stm32f4xx_tim.o(.text)
    TIM_ClearITPendingBit                    0x08005d05   Thumb Code     6  stm32f4xx_tim.o(.text)
    TIM_DMAConfig                            0x08005d0b   Thumb Code    10  stm32f4xx_tim.o(.text)
    TIM_DMACmd                               0x08005d15   Thumb Code    18  stm32f4xx_tim.o(.text)
    TIM_SelectCCDMA                          0x08005d27   Thumb Code    24  stm32f4xx_tim.o(.text)
    TIM_InternalClockConfig                  0x08005d3f   Thumb Code    12  stm32f4xx_tim.o(.text)
    TIM_SelectInputTrigger                   0x08005d4b   Thumb Code    18  stm32f4xx_tim.o(.text)
    TIM_ITRxExternalClockConfig              0x08005d5d   Thumb Code    24  stm32f4xx_tim.o(.text)
    TIM_TIxExternalClockConfig               0x08005d75   Thumb Code    62  stm32f4xx_tim.o(.text)
    TIM_ETRConfig                            0x08005db3   Thumb Code    28  stm32f4xx_tim.o(.text)
    TIM_ETRClockMode1Config                  0x08005dcf   Thumb Code    54  stm32f4xx_tim.o(.text)
    TIM_ETRClockMode2Config                  0x08005e05   Thumb Code    32  stm32f4xx_tim.o(.text)
    TIM_SelectOutputTrigger                  0x08005e25   Thumb Code    18  stm32f4xx_tim.o(.text)
    TIM_SelectSlaveMode                      0x08005e37   Thumb Code    18  stm32f4xx_tim.o(.text)
    TIM_SelectMasterSlaveMode                0x08005e49   Thumb Code    18  stm32f4xx_tim.o(.text)
    TIM_EncoderInterfaceConfig               0x08005e5b   Thumb Code    66  stm32f4xx_tim.o(.text)
    TIM_SelectHallSensor                     0x08005e9d   Thumb Code    24  stm32f4xx_tim.o(.text)
    TIM_RemapConfig                          0x08005eb5   Thumb Code     6  stm32f4xx_tim.o(.text)
    __use_no_semihosting                     0x08005ebb   Thumb Code     2  use_no_semi_2.o(.text)
    __aeabi_ldivmod                          0x08005ebd   Thumb Code     0  llsdiv.o(.text)
    _ll_sdiv                                 0x08005ebd   Thumb Code    72  llsdiv.o(.text)
    __2printf                                0x08005f05   Thumb Code    20  noretval__2printf.o(.text)
    __printf                                 0x08005f1d   Thumb Code   104  __printf.o(.text)
    memcmp                                   0x08005f85   Thumb Code    88  memcmp.o(.text)
    __aeabi_memset                           0x08005fdd   Thumb Code    16  aeabi_memset.o(.text)
    __use_two_region_memory                  0x08005fed   Thumb Code     2  heapauxi.o(.text)
    __rt_heap_escrow$2region                 0x08005fef   Thumb Code     2  heapauxi.o(.text)
    __rt_heap_expand$2region                 0x08005ff1   Thumb Code     2  heapauxi.o(.text)
    __I$use$semihosting                      0x08005ff3   Thumb Code     0  use_no_semi.o(.text)
    __use_no_semihosting_swi                 0x08005ff3   Thumb Code     2  use_no_semi.o(.text)
    __aeabi_uldivmod                         0x08005ff5   Thumb Code     0  lludivv7m.o(.text)
    _ll_udiv                                 0x08005ff5   Thumb Code   238  lludivv7m.o(.text)
    __read_errno                             0x080060e3   Thumb Code    10  _rserrno.o(.text)
    __set_errno                              0x080060ed   Thumb Code    12  _rserrno.o(.text)
    _printf_char_file                        0x080060f9   Thumb Code    32  _printf_char_file.o(.text)
    __aeabi_memclr                           0x0800611d   Thumb Code     0  rt_memclr.o(.text)
    __rt_memclr                              0x0800611d   Thumb Code    68  rt_memclr.o(.text)
    _memset                                  0x08006121   Thumb Code     0  rt_memclr.o(.text)
    __aeabi_errno_addr                       0x08006161   Thumb Code     8  rt_errno_addr_intlibspace.o(.text)
    __errno$intlibspace                      0x08006161   Thumb Code     0  rt_errno_addr_intlibspace.o(.text)
    __rt_errno_addr$intlibspace              0x08006161   Thumb Code     0  rt_errno_addr_intlibspace.o(.text)
    _printf_char_common                      0x08006173   Thumb Code    32  _printf_char_common.o(.text)
    ferror                                   0x08006199   Thumb Code     8  ferror.o(.text)
    __aeabi_memclr4                          0x080061a1   Thumb Code     0  rt_memclr_w.o(.text)
    __aeabi_memclr8                          0x080061a1   Thumb Code     0  rt_memclr_w.o(.text)
    __rt_memclr_w                            0x080061a1   Thumb Code    78  rt_memclr_w.o(.text)
    _memset_w                                0x080061a5   Thumb Code     0  rt_memclr_w.o(.text)
    __user_libspace                          0x080061f1   Thumb Code     8  libspace.o(.text)
    __user_perproc_libspace                  0x080061f1   Thumb Code     0  libspace.o(.text)
    __user_perthread_libspace                0x080061f1   Thumb Code     0  libspace.o(.text)
    __user_setup_stackheap                   0x080061f9   Thumb Code    74  sys_stackheap_outer.o(.text)
    exit                                     0x08006243   Thumb Code    12  exit.o(.text)
    __ARM_fpclassify                         0x0800624f   Thumb Code    48  fpclassify.o(i.__ARM_fpclassify)
    __hardfp_asin                            0x08006281   Thumb Code   770  asin.o(i.__hardfp_asin)
    __hardfp_atan                            0x080065e1   Thumb Code   622  atan.o(i.__hardfp_atan)
    __hardfp_atan2                           0x080068b9   Thumb Code   432  atan2.o(i.__hardfp_atan2)
    __hardfp_sin                             0x08006aa9   Thumb Code   180  sin.o(i.__hardfp_sin)
    __ieee754_rem_pio2                       0x08006b71   Thumb Code   938  rred.o(i.__ieee754_rem_pio2)
    __kernel_cos                             0x08006fa9   Thumb Code   322  cos_i.o(i.__kernel_cos)
    __kernel_poly                            0x08007119   Thumb Code   248  poly.o(i.__kernel_poly)
    __kernel_sin                             0x08007211   Thumb Code   280  sin_i.o(i.__kernel_sin)
    __mathlib_dbl_infnan                     0x08007341   Thumb Code    20  dunder.o(i.__mathlib_dbl_infnan)
    __mathlib_dbl_infnan2                    0x08007355   Thumb Code    20  dunder.o(i.__mathlib_dbl_infnan2)
    __mathlib_dbl_invalid                    0x08007369   Thumb Code    24  dunder.o(i.__mathlib_dbl_invalid)
    __mathlib_dbl_underflow                  0x08007389   Thumb Code    24  dunder.o(i.__mathlib_dbl_underflow)
    atan                                     0x080073a9   Thumb Code    16  atan.o(i.atan)
    fabs                                     0x080073b9   Thumb Code    24  fabs.o(i.fabs)
    sqrt                                     0x080073d1   Thumb Code   110  sqrt.o(i.sqrt)
    __aeabi_dneg                             0x0800743f   Thumb Code     0  basic.o(x$fpl$basic)
    _dneg                                    0x0800743f   Thumb Code     6  basic.o(x$fpl$basic)
    __aeabi_fneg                             0x08007445   Thumb Code     0  basic.o(x$fpl$basic)
    _fneg                                    0x08007445   Thumb Code     6  basic.o(x$fpl$basic)
    _dabs                                    0x0800744b   Thumb Code     6  basic.o(x$fpl$basic)
    _fabs                                    0x08007451   Thumb Code     6  basic.o(x$fpl$basic)
    __aeabi_d2f                              0x08007459   Thumb Code     0  d2f.o(x$fpl$d2f)
    _d2f                                     0x08007459   Thumb Code    98  d2f.o(x$fpl$d2f)
    __aeabi_dadd                             0x080074bd   Thumb Code     0  daddsub_clz.o(x$fpl$dadd)
    _dadd                                    0x080074bd   Thumb Code   332  daddsub_clz.o(x$fpl$dadd)
    __aeabi_ddiv                             0x0800760d   Thumb Code     0  ddiv.o(x$fpl$ddiv)
    _ddiv                                    0x0800760d   Thumb Code   552  ddiv.o(x$fpl$ddiv)
    __aeabi_d2iz                             0x080078bd   Thumb Code     0  dfix.o(x$fpl$dfix)
    _dfix                                    0x080078bd   Thumb Code    94  dfix.o(x$fpl$dfix)
    __aeabi_i2d                              0x0800791b   Thumb Code     0  dflt_clz.o(x$fpl$dflt)
    _dflt                                    0x0800791b   Thumb Code    46  dflt_clz.o(x$fpl$dflt)
    __aeabi_ui2d                             0x08007949   Thumb Code     0  dflt_clz.o(x$fpl$dfltu)
    _dfltu                                   0x08007949   Thumb Code    38  dflt_clz.o(x$fpl$dfltu)
    __aeabi_dmul                             0x08007971   Thumb Code     0  dmul.o(x$fpl$dmul)
    _dmul                                    0x08007971   Thumb Code   332  dmul.o(x$fpl$dmul)
    __fpl_dnaninf                            0x08007ac5   Thumb Code   156  dnaninf.o(x$fpl$dnaninf)
    __fpl_dretinf                            0x08007b61   Thumb Code    12  dretinf.o(x$fpl$dretinf)
    __aeabi_drsub                            0x08007b6d   Thumb Code     0  daddsub_clz.o(x$fpl$drsb)
    _drsb                                    0x08007b6d   Thumb Code    22  daddsub_clz.o(x$fpl$drsb)
    _dsqrt                                   0x08007b85   Thumb Code   404  dsqrt_umaal.o(x$fpl$dsqrt)
    __aeabi_dsub                             0x08007d1d   Thumb Code     0  daddsub_clz.o(x$fpl$dsub)
    _dsub                                    0x08007d1d   Thumb Code   464  daddsub_clz.o(x$fpl$dsub)
    __aeabi_f2d                              0x08007ef1   Thumb Code     0  f2d.o(x$fpl$f2d)
    _f2d                                     0x08007ef1   Thumb Code    86  f2d.o(x$fpl$f2d)
    __fpl_fnaninf                            0x08007f47   Thumb Code   140  fnaninf.o(x$fpl$fnaninf)
    _fp_init                                 0x08007fd3   Thumb Code    10  fpinit.o(x$fpl$fpinit)
    __fplib_config_fpu_vfp                   0x08007fdb   Thumb Code     0  fpinit.o(x$fpl$fpinit)
    __fplib_config_pureend_doubles           0x08007fdb   Thumb Code     0  fpinit.o(x$fpl$fpinit)
    __fpl_fretinf                            0x08007fdd   Thumb Code    10  fretinf.o(x$fpl$fretinf)
    __I$use$fp                               0x08007fe6   Number         0  usenofp.o(x$fpl$usenofp)
    hw                                       0x08007fe8   Data          12  inv_mpu.o(.constdata)
    reg                                      0x08007ff4   Data          27  inv_mpu.o(.constdata)
    test                                     0x08008010   Data          40  inv_mpu.o(.constdata)
    __mathlib_zero                           0x08008d48   Data           8  qnan.o(.constdata)
    Region$$Table$$Base                      0x08008e90   Number         0  anon$$obj.o(Region$$Table)
    Region$$Table$$Limit                     0x08008eb0   Number         0  anon$$obj.o(Region$$Table)
    pitch                                    0x20000000   Data           4  main.o(.data)
    roll                                     0x20000004   Data           4  main.o(.data)
    yaw                                      0x20000008   Data           4  main.o(.data)
    upload_index                             0x2000000c   Data           4  main.o(.data)
    Division                                 0x20000010   Data           4  main.o(.data)
    counter                                  0x20000014   Data           4  main.o(.data)
    SystemCoreClock                          0x20000018   Data           4  system_stm32f4xx.o(.data)
    AHBPrescTable                            0x2000001c   Data          16  system_stm32f4xx.o(.data)
    __stdout                                 0x20000068   Data           4  usart.o(.data)
    USART_RX_STA                             0x2000006c   Data           2  usart.o(.data)
    Sin                                      0x20000080   Data         200  main.o(.bss)
    USART_RX_BUF                             0x20000158   Data         200  usart.o(.bss)
    __libspace_start                         0x20000220   Data          96  libspace.o(.bss)
    __temporary_stack_top$libspace           0x20000280   Data           0  libspace.o(.bss)



==============================================================================

Memory Map of the image

  Image Entry point : 0x08000189

  Load Region LR_IROM1 (Base: 0x08000000, Size: 0x00008f30, Max: 0x00100000, ABSOLUTE)

    Execution Region ER_IROM1 (Base: 0x08000000, Size: 0x00008eb0, Max: 0x00100000, ABSOLUTE)

    Base Addr    Size         Type   Attr      Idx    E Section Name        Object

    0x08000000   0x00000188   Data   RO          576    RESET               startup_stm32f40_41xxx.o
    0x08000188   0x00000008   Code   RO          787  * !!!main             c_w.l(__main.o)
    0x08000190   0x00000034   Code   RO         1127    !!!scatter          c_w.l(__scatter.o)
    0x080001c4   0x0000001a   Code   RO         1129    !!handler_copy      c_w.l(__scatter_copy.o)
    0x080001de   0x00000002   PAD
    0x080001e0   0x0000001c   Code   RO         1131    !!handler_zi        c_w.l(__scatter_zi.o)
    0x080001fc   0x00000000   Code   RO          780    .ARM.Collect$$_printf_percent$$00000000  c_w.l(_printf_percent.o)
    0x080001fc   0x00000004   Code   RO          868    .ARM.Collect$$_printf_percent$$00000017  c_w.l(_printf_percent_end.o)
    0x08000200   0x00000002   Code   RO          999    .ARM.Collect$$libinit$$00000000  c_w.l(libinit.o)
    0x08000202   0x00000004   Code   RO         1008    .ARM.Collect$$libinit$$00000001  c_w.l(libinit2.o)
    0x08000206   0x00000000   Code   RO         1011    .ARM.Collect$$libinit$$00000004  c_w.l(libinit2.o)
    0x08000206   0x00000000   Code   RO         1014    .ARM.Collect$$libinit$$0000000A  c_w.l(libinit2.o)
    0x08000206   0x00000000   Code   RO         1016    .ARM.Collect$$libinit$$0000000C  c_w.l(libinit2.o)
    0x08000206   0x00000000   Code   RO         1018    .ARM.Collect$$libinit$$0000000E  c_w.l(libinit2.o)
    0x08000206   0x00000000   Code   RO         1021    .ARM.Collect$$libinit$$00000011  c_w.l(libinit2.o)
    0x08000206   0x00000000   Code   RO         1023    .ARM.Collect$$libinit$$00000013  c_w.l(libinit2.o)
    0x08000206   0x00000000   Code   RO         1025    .ARM.Collect$$libinit$$00000015  c_w.l(libinit2.o)
    0x08000206   0x00000000   Code   RO         1027    .ARM.Collect$$libinit$$00000017  c_w.l(libinit2.o)
    0x08000206   0x00000000   Code   RO         1029    .ARM.Collect$$libinit$$00000019  c_w.l(libinit2.o)
    0x08000206   0x00000000   Code   RO         1031    .ARM.Collect$$libinit$$0000001B  c_w.l(libinit2.o)
    0x08000206   0x00000000   Code   RO         1033    .ARM.Collect$$libinit$$0000001D  c_w.l(libinit2.o)
    0x08000206   0x00000000   Code   RO         1035    .ARM.Collect$$libinit$$0000001F  c_w.l(libinit2.o)
    0x08000206   0x00000000   Code   RO         1037    .ARM.Collect$$libinit$$00000021  c_w.l(libinit2.o)
    0x08000206   0x00000000   Code   RO         1039    .ARM.Collect$$libinit$$00000023  c_w.l(libinit2.o)
    0x08000206   0x00000000   Code   RO         1041    .ARM.Collect$$libinit$$00000025  c_w.l(libinit2.o)
    0x08000206   0x00000000   Code   RO         1045    .ARM.Collect$$libinit$$0000002C  c_w.l(libinit2.o)
    0x08000206   0x00000000   Code   RO         1047    .ARM.Collect$$libinit$$0000002E  c_w.l(libinit2.o)
    0x08000206   0x00000000   Code   RO         1049    .ARM.Collect$$libinit$$00000030  c_w.l(libinit2.o)
    0x08000206   0x00000000   Code   RO         1051    .ARM.Collect$$libinit$$00000032  c_w.l(libinit2.o)
    0x08000206   0x00000002   Code   RO         1052    .ARM.Collect$$libinit$$00000033  c_w.l(libinit2.o)
    0x08000208   0x00000002   Code   RO         1080    .ARM.Collect$$libshutdown$$00000000  c_w.l(libshutdown.o)
    0x0800020a   0x00000000   Code   RO         1095    .ARM.Collect$$libshutdown$$00000003  c_w.l(libshutdown2.o)
    0x0800020a   0x00000000   Code   RO         1098    .ARM.Collect$$libshutdown$$00000006  c_w.l(libshutdown2.o)
    0x0800020a   0x00000000   Code   RO         1101    .ARM.Collect$$libshutdown$$00000009  c_w.l(libshutdown2.o)
    0x0800020a   0x00000000   Code   RO         1103    .ARM.Collect$$libshutdown$$0000000B  c_w.l(libshutdown2.o)
    0x0800020a   0x00000000   Code   RO         1106    .ARM.Collect$$libshutdown$$0000000E  c_w.l(libshutdown2.o)
    0x0800020a   0x00000002   Code   RO         1107    .ARM.Collect$$libshutdown$$0000000F  c_w.l(libshutdown2.o)
    0x0800020c   0x00000000   Code   RO          859    .ARM.Collect$$rtentry$$00000000  c_w.l(__rtentry.o)
    0x0800020c   0x00000000   Code   RO          948    .ARM.Collect$$rtentry$$00000002  c_w.l(__rtentry2.o)
    0x0800020c   0x00000006   Code   RO          960    .ARM.Collect$$rtentry$$00000004  c_w.l(__rtentry4.o)
    0x08000212   0x00000000   Code   RO          950    .ARM.Collect$$rtentry$$00000009  c_w.l(__rtentry2.o)
    0x08000212   0x00000004   Code   RO          951    .ARM.Collect$$rtentry$$0000000A  c_w.l(__rtentry2.o)
    0x08000216   0x00000000   Code   RO          953    .ARM.Collect$$rtentry$$0000000C  c_w.l(__rtentry2.o)
    0x08000216   0x00000008   Code   RO          954    .ARM.Collect$$rtentry$$0000000D  c_w.l(__rtentry2.o)
    0x0800021e   0x00000002   Code   RO         1002    .ARM.Collect$$rtexit$$00000000  c_w.l(rtexit.o)
    0x08000220   0x00000000   Code   RO         1054    .ARM.Collect$$rtexit$$00000002  c_w.l(rtexit2.o)
    0x08000220   0x00000004   Code   RO         1055    .ARM.Collect$$rtexit$$00000003  c_w.l(rtexit2.o)
    0x08000224   0x00000006   Code   RO         1056    .ARM.Collect$$rtexit$$00000004  c_w.l(rtexit2.o)
    0x0800022a   0x00000002   PAD
    0x0800022c   0x000003f0   Code   RO            3    .text               main.o
    0x0800061c   0x0000001a   Code   RO          184    .text               stm32f4xx_it.o
    0x08000636   0x00000002   PAD
    0x08000638   0x00000210   Code   RO          233    .text               system_stm32f4xx.o
    0x08000848   0x00000040   Code   RO          259    .text               led.o
    0x08000888   0x00000258   Code   RO          338    .text               myiic.o
    0x08000ae0   0x00000384   Code   RO          358    .text               mpu6050.o
    0x08000e64   0x000022a8   Code   RO          378    .text               inv_mpu.o
    0x0800310c   0x00000d88   Code   RO          413    .text               inv_mpu_dmp_motion_driver.o
    0x08003e94   0x000001b0   Code   RO          442    .text               servo.o
    0x08004044   0x00000120   Code   RO          485    .text               interuption.o
    0x08004164   0x00000104   Code   RO          505    .text               delay.o
    0x08004268   0x0000014c   Code   RO          545    .text               usart.o
    0x080043b4   0x00000040   Code   RO          577    .text               startup_stm32f40_41xxx.o
    0x080043f4   0x000000e0   Code   RO          583    .text               misc.o
    0x080044d4   0x00000294   Code   RO          626    .text               stm32f4xx_gpio.o
    0x08004768   0x0000065c   Code   RO          646    .text               stm32f4xx_rcc.o
    0x08004dc4   0x00000454   Code   RO          688    .text               stm32f4xx_usart.o
    0x08005218   0x00000ca2   Code   RO          708    .text               stm32f4xx_tim.o
    0x08005eba   0x00000002   Code   RO          728    .text               c_w.l(use_no_semi_2.o)
    0x08005ebc   0x00000048   Code   RO          730    .text               c_w.l(llsdiv.o)
    0x08005f04   0x00000018   Code   RO          734    .text               c_w.l(noretval__2printf.o)
    0x08005f1c   0x00000068   Code   RO          736    .text               c_w.l(__printf.o)
    0x08005f84   0x00000058   Code   RO          781    .text               c_w.l(memcmp.o)
    0x08005fdc   0x00000010   Code   RO          783    .text               c_w.l(aeabi_memset.o)
    0x08005fec   0x00000006   Code   RO          785    .text               c_w.l(heapauxi.o)
    0x08005ff2   0x00000002   Code   RO          857    .text               c_w.l(use_no_semi.o)
    0x08005ff4   0x000000ee   Code   RO          860    .text               c_w.l(lludivv7m.o)
    0x080060e2   0x00000016   Code   RO          862    .text               c_w.l(_rserrno.o)
    0x080060f8   0x00000024   Code   RO          866    .text               c_w.l(_printf_char_file.o)
    0x0800611c   0x00000044   Code   RO          869    .text               c_w.l(rt_memclr.o)
    0x08006160   0x00000008   Code   RO          969    .text               c_w.l(rt_errno_addr_intlibspace.o)
    0x08006168   0x00000030   Code   RO          971    .text               c_w.l(_printf_char_common.o)
    0x08006198   0x00000008   Code   RO          973    .text               c_w.l(ferror.o)
    0x080061a0   0x0000004e   Code   RO          977    .text               c_w.l(rt_memclr_w.o)
    0x080061ee   0x00000002   PAD
    0x080061f0   0x00000008   Code   RO          983    .text               c_w.l(libspace.o)
    0x080061f8   0x0000004a   Code   RO          986    .text               c_w.l(sys_stackheap_outer.o)
    0x08006242   0x0000000c   Code   RO          992    .text               c_w.l(exit.o)
    0x0800624e   0x00000030   Code   RO          919    i.__ARM_fpclassify  m_wm.l(fpclassify.o)
    0x0800627e   0x00000002   PAD
    0x08006280   0x00000360   Code   RO          819    i.__hardfp_asin     m_wm.l(asin.o)
    0x080065e0   0x000002d8   Code   RO          882    i.__hardfp_atan     m_wm.l(atan.o)
    0x080068b8   0x000001f0   Code   RO          833    i.__hardfp_atan2    m_wm.l(atan2.o)
    0x08006aa8   0x000000c8   Code   RO          845    i.__hardfp_sin      m_wm.l(sin.o)
    0x08006b70   0x00000438   Code   RO          924    i.__ieee754_rem_pio2  m_wm.l(rred.o)
    0x08006fa8   0x00000170   Code   RO          896    i.__kernel_cos      m_wm.l(cos_i.o)
    0x08007118   0x000000f8   Code   RO          921    i.__kernel_poly     m_wm.l(poly.o)
    0x08007210   0x00000130   Code   RO          929    i.__kernel_sin      m_wm.l(sin_i.o)
    0x08007340   0x00000014   Code   RO          900    i.__mathlib_dbl_infnan  m_wm.l(dunder.o)
    0x08007354   0x00000014   Code   RO          901    i.__mathlib_dbl_infnan2  m_wm.l(dunder.o)
    0x08007368   0x00000020   Code   RO          902    i.__mathlib_dbl_invalid  m_wm.l(dunder.o)
    0x08007388   0x00000020   Code   RO          905    i.__mathlib_dbl_underflow  m_wm.l(dunder.o)
    0x080073a8   0x00000010   Code   RO          884    i.atan              m_wm.l(atan.o)
    0x080073b8   0x00000018   Code   RO          915    i.fabs              m_wm.l(fabs.o)
    0x080073d0   0x0000006e   Code   RO          937    i.sqrt              m_wm.l(sqrt.o)
    0x0800743e   0x00000018   Code   RO          871    x$fpl$basic         fz_wm.l(basic.o)
    0x08007456   0x00000002   PAD
    0x08007458   0x00000062   Code   RO          789    x$fpl$d2f           fz_wm.l(d2f.o)
    0x080074ba   0x00000002   PAD
    0x080074bc   0x00000150   Code   RO          791    x$fpl$dadd          fz_wm.l(daddsub_clz.o)
    0x0800760c   0x000002b0   Code   RO          798    x$fpl$ddiv          fz_wm.l(ddiv.o)
    0x080078bc   0x0000005e   Code   RO          801    x$fpl$dfix          fz_wm.l(dfix.o)
    0x0800791a   0x0000002e   Code   RO          810    x$fpl$dflt          fz_wm.l(dflt_clz.o)
    0x08007948   0x00000026   Code   RO          809    x$fpl$dfltu         fz_wm.l(dflt_clz.o)
    0x0800796e   0x00000002   PAD
    0x08007970   0x00000154   Code   RO          815    x$fpl$dmul          fz_wm.l(dmul.o)
    0x08007ac4   0x0000009c   Code   RO          873    x$fpl$dnaninf       fz_wm.l(dnaninf.o)
    0x08007b60   0x0000000c   Code   RO          875    x$fpl$dretinf       fz_wm.l(dretinf.o)
    0x08007b6c   0x00000016   Code   RO          792    x$fpl$drsb          fz_wm.l(daddsub_clz.o)
    0x08007b82   0x00000002   PAD
    0x08007b84   0x00000198   Code   RO          981    x$fpl$dsqrt         fz_wm.l(dsqrt_umaal.o)
    0x08007d1c   0x000001d4   Code   RO          793    x$fpl$dsub          fz_wm.l(daddsub_clz.o)
    0x08007ef0   0x00000056   Code   RO          817    x$fpl$f2d           fz_wm.l(f2d.o)
    0x08007f46   0x0000008c   Code   RO          877    x$fpl$fnaninf       fz_wm.l(fnaninf.o)
    0x08007fd2   0x0000000a   Code   RO         1068    x$fpl$fpinit        fz_wm.l(fpinit.o)
    0x08007fdc   0x0000000a   Code   RO          879    x$fpl$fretinf       fz_wm.l(fretinf.o)
    0x08007fe6   0x00000000   Code   RO          881    x$fpl$usenofp       fz_wm.l(usenofp.o)
    0x08007fe6   0x00000002   PAD
    0x08007fe8   0x00000050   Data   RO          379    .constdata          inv_mpu.o
    0x08008038   0x00000bf6   Data   RO          415    .constdata          inv_mpu_dmp_motion_driver.o
    0x08008c2e   0x00000002   PAD
    0x08008c30   0x00000050   Data   RO          822    .constdata          m_wm.l(asin.o)
    0x08008c80   0x00000098   Data   RO          885    .constdata          m_wm.l(atan.o)
    0x08008d18   0x00000030   Data   RO          897    .constdata          m_wm.l(cos_i.o)
    0x08008d48   0x00000008   Data   RO          923    .constdata          m_wm.l(qnan.o)
    0x08008d50   0x000000c8   Data   RO          926    .constdata          m_wm.l(rred.o)
    0x08008e18   0x00000028   Data   RO          930    .constdata          m_wm.l(sin_i.o)
    0x08008e40   0x0000004d   Data   RO          380    .conststring        inv_mpu.o
    0x08008e8d   0x00000003   PAD
    0x08008e90   0x00000020   Data   RO         1125    Region$$Table       anon$$obj.o


    Execution Region RW_IRAM1 (Base: 0x20000000, Size: 0x00000880, Max: 0x00020000, ABSOLUTE)

    Base Addr    Size         Type   Attr      Idx    E Section Name        Object

    0x20000000   0x00000018   Data   RW            5    .data               main.o
    0x20000018   0x00000014   Data   RW          234    .data               system_stm32f4xx.o
    0x2000002c   0x00000035   Data   RW          381    .data               inv_mpu.o
    0x20000061   0x00000001   PAD
    0x20000062   0x00000004   Data   RW          506    .data               delay.o
    0x20000066   0x00000002   PAD
    0x20000068   0x00000006   Data   RW          547    .data               usart.o
    0x2000006e   0x00000010   Data   RW          647    .data               stm32f4xx_rcc.o
    0x2000007e   0x00000002   PAD
    0x20000080   0x000000c8   Zero   RW            4    .bss                main.o
    0x20000148   0x00000010   Zero   RW          414    .bss                inv_mpu_dmp_motion_driver.o
    0x20000158   0x000000c8   Zero   RW          546    .bss                usart.o
    0x20000220   0x00000060   Zero   RW          984    .bss                c_w.l(libspace.o)
    0x20000280   0x00000200   Zero   RW          575    HEAP                startup_stm32f40_41xxx.o
    0x20000480   0x00000400   Zero   RW          574    STACK               startup_stm32f40_41xxx.o


==============================================================================

Image component sizes


      Code (inc. data)   RO Data    RW Data    ZI Data      Debug   Object Name

       260          8          0          4          0       1449   delay.o
       288          8          0          0          0       1526   interuption.o
      8872        206        157         53          0      23602   inv_mpu.o
      3464        140       3062          0         16      15267   inv_mpu_dmp_motion_driver.o
        64          4          0          0          0        531   led.o
      1008        100          0         24        200     284982   main.o
       224         20          0          0          0       1829   misc.o
       900         22          0          0          0       4263   mpu6050.o
       600         12          0          0          0       1904   myiic.o
       432         12          0          0          0       1529   servo.o
        64         26        392          0       1536        840   startup_stm32f40_41xxx.o
       660         44          0          0          0       4105   stm32f4xx_gpio.o
        26          0          0          0          0       1230   stm32f4xx_it.o
      1628         52          0         16          0      12900   stm32f4xx_rcc.o
      3234         60          0          0          0      22312   stm32f4xx_tim.o
      1108         34          0          0          0       7808   stm32f4xx_usart.o
       528         46          0         20          0       1795   system_stm32f4xx.o
       332         18          0          6        200       3334   usart.o

    ----------------------------------------------------------------------
     23694        812       3648        128       1952     391206   Object Totals
         0          0         32          0          0          0   (incl. Generated)
         2          0          5          5          0          0   (incl. Padding)

    ----------------------------------------------------------------------

      Code (inc. data)   RO Data    RW Data    ZI Data      Debug   Library Member Name

         8          0          0          0          0         68   __main.o
       104          0          0          0          0         84   __printf.o
         0          0          0          0          0          0   __rtentry.o
        12          0          0          0          0          0   __rtentry2.o
         6          0          0          0          0          0   __rtentry4.o
        52          8          0          0          0          0   __scatter.o
        26          0          0          0          0          0   __scatter_copy.o
        28          0          0          0          0          0   __scatter_zi.o
        48          6          0          0          0         96   _printf_char_common.o
        36          4          0          0          0         80   _printf_char_file.o
         0          0          0          0          0          0   _printf_percent.o
         4          0          0          0          0          0   _printf_percent_end.o
        22          0          0          0          0        100   _rserrno.o
        16          0          0          0          0         68   aeabi_memset.o
        12          0          0          0          0         72   exit.o
         8          0          0          0          0         68   ferror.o
         6          0          0          0          0        152   heapauxi.o
         2          0          0          0          0          0   libinit.o
         6          0          0          0          0          0   libinit2.o
         2          0          0          0          0          0   libshutdown.o
         2          0          0          0          0          0   libshutdown2.o
         8          4          0          0         96         68   libspace.o
        72          0          0          0          0         76   llsdiv.o
       238          0          0          0          0        100   lludivv7m.o
        88          0          0          0          0         76   memcmp.o
        24          4          0          0          0         84   noretval__2printf.o
         8          4          0          0          0         68   rt_errno_addr_intlibspace.o
        68          0          0          0          0         68   rt_memclr.o
        78          0          0          0          0         80   rt_memclr_w.o
         2          0          0          0          0          0   rtexit.o
        10          0          0          0          0          0   rtexit2.o
        74          0          0          0          0         80   sys_stackheap_outer.o
         2          0          0          0          0         68   use_no_semi.o
         2          0          0          0          0         68   use_no_semi_2.o
        24          0          0          0          0        164   basic.o
        98          4          0          0          0        140   d2f.o
       826         16          0          0          0        492   daddsub_clz.o
       688        140          0          0          0        256   ddiv.o
        94          4          0          0          0        140   dfix.o
        84          0          0          0          0        232   dflt_clz.o
       340         12          0          0          0        152   dmul.o
       156          4          0          0          0        140   dnaninf.o
        12          0          0          0          0        116   dretinf.o
       408         56          0          0          0        168   dsqrt_umaal.o
        86          4          0          0          0        132   f2d.o
       140          4          0          0          0        132   fnaninf.o
        10          0          0          0          0        116   fpinit.o
        10          0          0          0          0        116   fretinf.o
         0          0          0          0          0          0   usenofp.o
       864         94         80          0          0        280   asin.o
       744        106        152          0          0        352   atan.o
       496         64          0          0          0        192   atan2.o
       368         46         48          0          0        200   cos_i.o
       104         16          0          0          0        496   dunder.o
        24          0          0          0          0        124   fabs.o
        48          0          0          0          0        124   fpclassify.o
       248          0          0          0          0        152   poly.o
         0          0          8          0          0          0   qnan.o
      1080        142        200          0          0        188   rred.o
       200         20          0          0          0        164   sin.o
       304         24         40          0          0        208   sin_i.o
       110          0          0          0          0        148   sqrt.o

    ----------------------------------------------------------------------
      8658        786        528          0         96       6748   Library Totals
        18          0          0          0          0          0   (incl. Padding)

    ----------------------------------------------------------------------

      Code (inc. data)   RO Data    RW Data    ZI Data      Debug   Library Name

      1074         30          0          0         96       1624   c_w.l
      2976        244          0          0          0       2496   fz_wm.l
      4590        512        528          0          0       2628   m_wm.l

    ----------------------------------------------------------------------
      8658        786        528          0         96       6748   Library Totals

    ----------------------------------------------------------------------

==============================================================================


      Code (inc. data)   RO Data    RW Data    ZI Data      Debug   

     32352       1598       4176        128       2048     390422   Grand Totals
     32352       1598       4176        128       2048     390422   ELF Image Totals
     32352       1598       4176        128          0          0   ROM Totals

==============================================================================

    Total RO  Size (Code + RO Data)                36528 (  35.67kB)
    Total RW  Size (RW Data + ZI Data)              2176 (   2.13kB)
    Total ROM Size (Code + RO Data + RW Data)      36656 (  35.80kB)

==============================================================================

