<html>
<body>
<pre>
<h1>礦ision Build Log</h1>
<h2>Tool Versions:</h2>
IDE-Version: μVision V5.14.0.0
Copyright (C) 2015 ARM Ltd and ARM Germany GmbH. All rights reserved.
License Information: g s, s, LIC=Y2BKP-MJCV2-FYDVU-SYVJ1-BIKFG-E457Z
 
Tool Versions:
Toolchain:       MDK-ARM Professional  Version: 5.14.0.0
Toolchain Path:  C:\Keil_v5\ARM\ARMCC\Bin
C Compiler:      Armcc.exe V5.05 update 1 (build 106)
Assembler:       Armasm.exe V5.05 update 1 (build 106)
Linker/Locator:  ArmLink.exe V5.05 update 1 (build 106)
Library Manager: ArmAr.exe V5.05 update 1 (build 106)
Hex Converter:   FromElf.exe V5.05 update 1 (build 106)
CPU DLL:         SARMCM3.DLL V5.14.0.0
Dialog DLL:      DCM.DLL V1.13.1.0
Target DLL:      STLink\ST-LINKIII-KEIL_SWO.dll V2.0.14.0_KEIL
Dialog DLL:      TCM.DLL V1.14.4.0
 
<h2>Project:</h2>
C:\Users\heroistired\Documents\Git\稳定平台\USER\MPU6050.uvprojx
Project File Date:  09/15/2016

<h2>Output:</h2>
Build target 'MPU6050'
compiling main.c...
..\HARDWARE\PID\pid.h(58): warning:  #1-D: last line of file ends without a newline
   
..\HARDWARE\Interuption\interuption.h(15): warning:  #1295-D: Deprecated declaration Int_Init - give arg types
  void Int_Init();
..\HARDWARE\Interuption\interuption.h(18): warning:  #1295-D: Deprecated declaration InitSin - give arg types
  void InitSin();  
main.c(85): warning:  #223-D: function "Servo_Init" declared implicitly
        Servo_Init();
main.c(89): warning:  #223-D: function "Servo1_SetDegree" declared implicitly
        Servo1_SetDegree(degree1);
main.c(90): warning:  #223-D: function "Servo2_SetDegree" declared implicitly
        Servo2_SetDegree(degree2);
main.c(73): warning:  #177-D: variable "direction" was declared but never referenced
        int direction = 1;
main.c(75): warning:  #177-D: variable "delt" was declared but never referenced
        int delt;
main.c(78): warning:  #177-D: variable "temp" was declared but never referenced
        int temp = 0;
main.c(79): warning:  #550-D: variable "PID_Control2" was set but never used
        PID_AbsoluteType PID_Control1, PID_Control2;//定义PID算法的结构体
main.c: 10 warnings, 0 errors
linking...
Program Size: Code=32512 RO-data=4176 RW-data=128 ZI-data=2048  
FromELF: creating hex file...
"..\OBJ\MPU6050.axf" - 0 Error(s), 10 Warning(s).

<h2>Collection of Component include folders:</h2>
  C:\Users\heroistired\Documents\Git\稳定平台\USER\RTE
  C:\Keil_v5\ARM\PACK\Keil\STM32F4xx_DFP\2.9.0

<h2>Collection of Component Files used:</h2>
</pre>
</body>
</html>
